Archive member included to satisfy reference by file (symbol)

d:/gcc-arm-none-eabi-10.3-2021.10/bin/../lib/gcc/arm-none-eabi/10.3.1/../../../../arm-none-eabi/lib/thumb/v7e-m+fp/hard\libc_nano.a(lib_a-exit.o)
                              d:/gcc-arm-none-eabi-10.3-2021.10/bin/../lib/gcc/arm-none-eabi/10.3.1/../../../../arm-none-eabi/lib/thumb/v7e-m+fp/hard/crt0.o (exit)
d:/gcc-arm-none-eabi-10.3-2021.10/bin/../lib/gcc/arm-none-eabi/10.3.1/../../../../arm-none-eabi/lib/thumb/v7e-m+fp/hard\libc_nano.a(lib_a-impure.o)
                              d:/gcc-arm-none-eabi-10.3-2021.10/bin/../lib/gcc/arm-none-eabi/10.3.1/../../../../arm-none-eabi/lib/thumb/v7e-m+fp/hard\libc_nano.a(lib_a-exit.o) (_global_impure_ptr)
d:/gcc-arm-none-eabi-10.3-2021.10/bin/../lib/gcc/arm-none-eabi/10.3.1/../../../../arm-none-eabi/lib/thumb/v7e-m+fp/hard\libc_nano.a(lib_a-init.o)
                              d:/gcc-arm-none-eabi-10.3-2021.10/bin/../lib/gcc/arm-none-eabi/10.3.1/../../../../arm-none-eabi/lib/thumb/v7e-m+fp/hard/crt0.o (__libc_init_array)
d:/gcc-arm-none-eabi-10.3-2021.10/bin/../lib/gcc/arm-none-eabi/10.3.1/../../../../arm-none-eabi/lib/thumb/v7e-m+fp/hard\libc_nano.a(lib_a-memcmp.o)
                              build/SEGGER_SYSVIEW_FreeRTOS.o (memcmp)
d:/gcc-arm-none-eabi-10.3-2021.10/bin/../lib/gcc/arm-none-eabi/10.3.1/../../../../arm-none-eabi/lib/thumb/v7e-m+fp/hard\libc_nano.a(lib_a-memcpy-stub.o)
                              build/queue.o (memcpy)
d:/gcc-arm-none-eabi-10.3-2021.10/bin/../lib/gcc/arm-none-eabi/10.3.1/../../../../arm-none-eabi/lib/thumb/v7e-m+fp/hard\libc_nano.a(lib_a-memset.o)
                              d:/gcc-arm-none-eabi-10.3-2021.10/bin/../lib/gcc/arm-none-eabi/10.3.1/../../../../arm-none-eabi/lib/thumb/v7e-m+fp/hard/crt0.o (memset)
d:/gcc-arm-none-eabi-10.3-2021.10/bin/../lib/gcc/arm-none-eabi/10.3.1/../../../../arm-none-eabi/lib/thumb/v7e-m+fp/hard\libc_nano.a(lib_a-snprintf.o)
                              build/main.o (snprintf)
d:/gcc-arm-none-eabi-10.3-2021.10/bin/../lib/gcc/arm-none-eabi/10.3.1/../../../../arm-none-eabi/lib/thumb/v7e-m+fp/hard\libc_nano.a(lib_a-strlen.o)
                              build/tasks.o (strlen)
d:/gcc-arm-none-eabi-10.3-2021.10/bin/../lib/gcc/arm-none-eabi/10.3.1/../../../../arm-none-eabi/lib/thumb/v7e-m+fp/hard\libc_nano.a(lib_a-nano-svfprintf.o)
                              d:/gcc-arm-none-eabi-10.3-2021.10/bin/../lib/gcc/arm-none-eabi/10.3.1/../../../../arm-none-eabi/lib/thumb/v7e-m+fp/hard\libc_nano.a(lib_a-snprintf.o) (_svfprintf_r)
d:/gcc-arm-none-eabi-10.3-2021.10/bin/../lib/gcc/arm-none-eabi/10.3.1/../../../../arm-none-eabi/lib/thumb/v7e-m+fp/hard\libc_nano.a(lib_a-nano-vfprintf_i.o)
                              d:/gcc-arm-none-eabi-10.3-2021.10/bin/../lib/gcc/arm-none-eabi/10.3.1/../../../../arm-none-eabi/lib/thumb/v7e-m+fp/hard\libc_nano.a(lib_a-nano-svfprintf.o) (_printf_i)
d:/gcc-arm-none-eabi-10.3-2021.10/bin/../lib/gcc/arm-none-eabi/10.3.1/../../../../arm-none-eabi/lib/thumb/v7e-m+fp/hard\libc_nano.a(lib_a-memchr.o)
                              d:/gcc-arm-none-eabi-10.3-2021.10/bin/../lib/gcc/arm-none-eabi/10.3.1/../../../../arm-none-eabi/lib/thumb/v7e-m+fp/hard\libc_nano.a(lib_a-nano-svfprintf.o) (memchr)
d:/gcc-arm-none-eabi-10.3-2021.10/bin/../lib/gcc/arm-none-eabi/10.3.1/../../../../arm-none-eabi/lib/thumb/v7e-m+fp/hard\libc_nano.a(lib_a-memmove.o)
                              d:/gcc-arm-none-eabi-10.3-2021.10/bin/../lib/gcc/arm-none-eabi/10.3.1/../../../../arm-none-eabi/lib/thumb/v7e-m+fp/hard\libc_nano.a(lib_a-nano-svfprintf.o) (memmove)
d:/gcc-arm-none-eabi-10.3-2021.10/bin/../lib/gcc/arm-none-eabi/10.3.1/../../../../arm-none-eabi/lib/thumb/v7e-m+fp/hard\libc_nano.a(lib_a-nano-freer.o)
                              d:/gcc-arm-none-eabi-10.3-2021.10/bin/../lib/gcc/arm-none-eabi/10.3.1/../../../../arm-none-eabi/lib/thumb/v7e-m+fp/hard\libc_nano.a(lib_a-nano-svfprintf.o) (_free_r)
d:/gcc-arm-none-eabi-10.3-2021.10/bin/../lib/gcc/arm-none-eabi/10.3.1/../../../../arm-none-eabi/lib/thumb/v7e-m+fp/hard\libc_nano.a(lib_a-nano-mallocr.o)
                              d:/gcc-arm-none-eabi-10.3-2021.10/bin/../lib/gcc/arm-none-eabi/10.3.1/../../../../arm-none-eabi/lib/thumb/v7e-m+fp/hard\libc_nano.a(lib_a-nano-svfprintf.o) (_malloc_r)
d:/gcc-arm-none-eabi-10.3-2021.10/bin/../lib/gcc/arm-none-eabi/10.3.1/../../../../arm-none-eabi/lib/thumb/v7e-m+fp/hard\libc_nano.a(lib_a-nano-reallocr.o)
                              d:/gcc-arm-none-eabi-10.3-2021.10/bin/../lib/gcc/arm-none-eabi/10.3.1/../../../../arm-none-eabi/lib/thumb/v7e-m+fp/hard\libc_nano.a(lib_a-nano-svfprintf.o) (_realloc_r)
d:/gcc-arm-none-eabi-10.3-2021.10/bin/../lib/gcc/arm-none-eabi/10.3.1/../../../../arm-none-eabi/lib/thumb/v7e-m+fp/hard\libc_nano.a(lib_a-sbrkr.o)
                              d:/gcc-arm-none-eabi-10.3-2021.10/bin/../lib/gcc/arm-none-eabi/10.3.1/../../../../arm-none-eabi/lib/thumb/v7e-m+fp/hard\libc_nano.a(lib_a-nano-mallocr.o) (_sbrk_r)
[...]
Memory Configuration

Name             Origin             Length             Attributes
RAM              0x20000000         0x00010000         xrw
FLASH            0x08000000         0x00040000         xr
*default*        0x00000000         0xffffffff

Linker script and memory map

LOAD d:/gcc-arm-none-eabi-10.3-2021.10/bin/../lib/gcc/arm-none-eabi/10.3.1/thumb/v7e-m+fp/hard/crti.o
LOAD d:/gcc-arm-none-eabi-10.3-2021.10/bin/../lib/gcc/arm-none-eabi/10.3.1/thumb/v7e-m+fp/hard/crtbegin.o
LOAD d:/gcc-arm-none-eabi-10.3-2021.10/bin/../lib/gcc/arm-none-eabi/10.3.1/../../../../arm-none-eabi/lib/thumb/v7e-m+fp/hard/crt0.o
LOAD build/main.o
LOAD build/gpio.o
LOAD build/stm32f4xx_it.o
LOAD build/stm32f4xx_hal_msp.o
LOAD build/stm32f4xx_hal_timebase_tim.o
LOAD build/usb_device.o
LOAD build/usbd_desc.o
LOAD build/usbd_cdc_if.o
LOAD build/usbd_conf.o
LOAD build/stm32f4xx_hal_pcd.o
LOAD build/stm32f4xx_hal_pcd_ex.o
LOAD build/stm32f4xx_ll_usb.o
LOAD build/stm32f4xx_hal_rcc.o
LOAD build/stm32f4xx_hal_rcc_ex.o
LOAD build/stm32f4xx_hal_flash.o
LOAD build/stm32f4xx_hal_flash_ex.o
LOAD build/stm32f4xx_hal_flash_ramfunc.o
LOAD build/stm32f4xx_hal_gpio.o
LOAD build/stm32f4xx_hal_dma_ex.o
LOAD build/stm32f4xx_hal_dma.o
LOAD build/stm32f4xx_hal_pwr.o
LOAD build/stm32f4xx_hal_pwr_ex.o
LOAD build/stm32f4xx_hal_cortex.o
LOAD build/stm32f4xx_hal.o
LOAD build/stm32f4xx_hal_exti.o
LOAD build/stm32f4xx_hal_tim.o
LOAD build/stm32f4xx_hal_tim_ex.o
LOAD build/system_stm32f4xx.o
LOAD build/usbd_core.o
LOAD build/usbd_ctlreq.o
LOAD build/usbd_ioreq.o
LOAD build/usbd_cdc.o
LOAD build/dwt_delay.o
LOAD build/croutine.o
LOAD build/event_groups.o
LOAD build/list.o
LOAD build/queue.o
LOAD build/stream_buffer.o
LOAD build/tasks.o
LOAD build/timers.o
LOAD build/port.o
LOAD build/heap_4.o
LOAD build/SEGGER_SYSVIEW_Config_FreeRTOS.o
LOAD build/SEGGER_SYSVIEW_FreeRTOS.o
LOAD build/SEGGER_RTT_Syscalls_GCC.o
LOAD build/SEGGER_RTT.o
LOAD build/SEGGER_RTT_printf.o
LOAD build/SEGGER_SYSVIEW.o
LOAD build/segger_uart.o
LOAD build/startup_stm32f401xc.o
LOAD build/SEGGER_RTT_ASM_ARMv7M.o
LOAD d:/gcc-arm-none-eabi-10.3-2021.10/bin/../lib/gcc/arm-none-eabi/10.3.1/../../../../arm-none-eabi/lib/thumb/v7e-m+fp/hard\libc_nano.a
LOAD d:/gcc-arm-none-eabi-10.3-2021.10/bin/../lib/gcc/arm-none-eabi/10.3.1/../../../../arm-none-eabi/lib/thumb/v7e-m+fp/hard\libm.a
LOAD d:/gcc-arm-none-eabi-10.3-2021.10/bin/../lib/gcc/arm-none-eabi/10.3.1/../../../../arm-none-eabi/lib/thumb/v7e-m+fp/hard\libnosys.a
START GROUP
LOAD d:/gcc-arm-none-eabi-10.3-2021.10/bin/../lib/gcc/arm-none-eabi/10.3.1/thumb/v7e-m+fp/hard\libgcc.a
LOAD d:/gcc-arm-none-eabi-10.3-2021.10/bin/../lib/gcc/arm-none-eabi/10.3.1/../../../../arm-none-eabi/lib/thumb/v7e-m+fp/hard\libc_nano.a
END GROUP
START GROUP
LOAD d:/gcc-arm-none-eabi-10.3-2021.10/bin/../lib/gcc/arm-none-eabi/10.3.1/thumb/v7e-m+fp/hard\libgcc.a
LOAD d:/gcc-arm-none-eabi-10.3-2021.10/bin/../lib/gcc/arm-none-eabi/10.3.1/../../../../arm-none-eabi/lib/thumb/v7e-m+fp/hard\libc_nano.a
END GROUP
LOAD d:/gcc-arm-none-eabi-10.3-2021.10/bin/../lib/gcc/arm-none-eabi/10.3.1/thumb/v7e-m+fp/hard/crtend.o
LOAD d:/gcc-arm-none-eabi-10.3-2021.10/bin/../lib/gcc/arm-none-eabi/10.3.1/thumb/v7e-m+fp/hard/crtn.o
                0x20010000                _estack = (ORIGIN (RAM) + LENGTH (RAM))
                0x00000200                _Min_Heap_Size = 0x200
                0x00000400                _Min_Stack_Size = 0x400

.isr_vector     0x08000000      0x194
                0x08000000                . = ALIGN (0x4)
 *(.isr_vector)
 .isr_vector    0x08000000      0x194 build/startup_stm32f401xc.o
                0x08000000                g_pfnVectors
                0x08000194                . = ALIGN (0x4)

.text           0x080001a0     0x6cb8
                0x080001a0                . = ALIGN (0x4)
 *(.text)
 .text          0x080001a0       0x40 d:/gcc-arm-none-eabi-10.3-2021.10/bin/../lib/gcc/arm-none-eabi/10.3.1/thumb/v7e-m+fp/hard/crtbegin.o
 .text          0x080001e0       0x94 build/SEGGER_RTT_ASM_ARMv7M.o
                0x080001e0                SEGGER_RTT_ASM_WriteSkipNoLock
 *fill*         0x08000274        0xc 
 .text          0x08000280       0xa0 d:/gcc-arm-none-eabi-10.3-2021.10/bin/../lib/gcc/arm-none-eabi/10.3.1/../../../../arm-none-eabi/lib/thumb/v7e-m+fp/hard\libc_nano.a(lib_a-memchr.o)
                0x08000280                memchr
 .text          0x08000320       0x30 d:/gcc-arm-none-eabi-10.3-2021.10/bin/../lib/gcc/arm-none-eabi/10.3.1/thumb/v7e-m+fp/hard\libgcc.a(_aeabi_uldivmod.o)
                0x08000320                __aeabi_uldivmod
 .text          0x08000350      0x2d0 d:/gcc-arm-none-eabi-10.3-2021.10/bin/../lib/gcc/arm-none-eabi/10.3.1/thumb/v7e-m+fp/hard\libgcc.a(_udivmoddi4.o)
                0x08000350                __udivmoddi4
 .text          0x08000620        0x4 d:/gcc-arm-none-eabi-10.3-2021.10/bin/../lib/gcc/arm-none-eabi/10.3.1/thumb/v7e-m+fp/hard\libgcc.a(_dvmd_tls.o)
                0x08000620                __aeabi_idiv0
                0x08000620                __aeabi_ldiv0
 *(.text*)
 .text.task2    0x08000624       0x2c build/main.o
 .text.task1    0x08000650       0x24 build/main.o
 .text.HAL_TIM_PeriodElapsedCallback
                0x08000674       0x18 build/main.o
                0x08000674                HAL_TIM_PeriodElapsedCallback
 .text.Error_Handler
                0x0800068c        0x4 build/main.o
                0x0800068c                Error_Handler
 .text.SystemClock_Config
                0x08000690       0xac build/main.o
                0x08000690                SystemClock_Config
 .text.main     0x0800073c       0xac build/main.o
                0x0800073c                main
 .text.MX_GPIO_Init
                0x080007e8       0xa4 build/gpio.o
                0x080007e8                MX_GPIO_Init
 .text.NMI_Handler
                0x0800088c        0x2 build/stm32f4xx_it.o
                0x0800088c                NMI_Handler
 .text.HardFault_Handler
                0x0800088e        0x2 build/stm32f4xx_it.o
                0x0800088e                HardFault_Handler
 .text.MemManage_Handler
                0x08000890        0x2 build/stm32f4xx_it.o
                0x08000890                MemManage_Handler
 .text.BusFault_Handler
                0x08000892        0x2 build/stm32f4xx_it.o
                0x08000892                BusFault_Handler
 .text.UsageFault_Handler
                0x08000894        0x2 build/stm32f4xx_it.o
                0x08000894                UsageFault_Handler
 .text.DebugMon_Handler
                0x08000896        0x2 build/stm32f4xx_it.o
                0x08000896                DebugMon_Handler
 .text.TIM1_UP_TIM10_IRQHandler
                0x08000898       0x10 build/stm32f4xx_it.o
                0x08000898                TIM1_UP_TIM10_IRQHandler
 .text.OTG_FS_IRQHandler
                0x080008a8       0x10 build/stm32f4xx_it.o
                0x080008a8                OTG_FS_IRQHandler
 .text.HAL_MspInit
                0x080008b8       0x38 build/stm32f4xx_hal_msp.o
                0x080008b8                HAL_MspInit
 .text.HAL_InitTick
                0x080008f0       0x98 build/stm32f4xx_hal_timebase_tim.o
                0x080008f0                HAL_InitTick
 .text.MX_USB_DEVICE_Init
                0x08000988       0x54 build/usb_device.o
                0x08000988                MX_USB_DEVICE_Init
 .text.USBD_FS_DeviceDescriptor
                0x080009dc        0xc build/usbd_desc.o
                0x080009dc                USBD_FS_DeviceDescriptor
 .text.USBD_FS_LangIDStrDescriptor
                0x080009e8        0xc build/usbd_desc.o
                0x080009e8                USBD_FS_LangIDStrDescriptor
 .text.IntToUnicode
                0x080009f4       0x46 build/usbd_desc.o
 *fill*         0x08000a3a        0x2 
 .text.Get_SerialNum
                0x08000a3c       0x38 build/usbd_desc.o
 .text.USBD_FS_SerialStrDescriptor
                0x08000a74       0x14 build/usbd_desc.o
                0x08000a74                USBD_FS_SerialStrDescriptor
 .text.USBD_FS_ProductStrDescriptor
                0x08000a88       0x24 build/usbd_desc.o
                0x08000a88                USBD_FS_ProductStrDescriptor
 .text.USBD_FS_ManufacturerStrDescriptor
                0x08000aac       0x1c build/usbd_desc.o
                0x08000aac                USBD_FS_ManufacturerStrDescriptor
 .text.USBD_FS_ConfigStrDescriptor
                0x08000ac8       0x24 build/usbd_desc.o
                0x08000ac8                USBD_FS_ConfigStrDescriptor
 .text.USBD_FS_InterfaceStrDescriptor
                0x08000aec       0x24 build/usbd_desc.o
                0x08000aec                USBD_FS_InterfaceStrDescriptor
 .text.CDC_DeInit_FS
                0x08000b10        0x4 build/usbd_cdc_if.o
 .text.CDC_Control_FS
                0x08000b14        0x4 build/usbd_cdc_if.o
 .text.CDC_TransmitCplt_FS
                0x08000b18        0x4 build/usbd_cdc_if.o
 .text.CDC_Receive_FS
                0x08000b1c       0x1c build/usbd_cdc_if.o
 .text.CDC_Init_FS
                0x08000b38       0x28 build/usbd_cdc_if.o
 .text.CDC_Transmit_FS
                0x08000b60       0x2c build/usbd_cdc_if.o
                0x08000b60                CDC_Transmit_FS
 .text.HAL_PCD_MspInit
                0x08000b8c       0x84 build/usbd_conf.o
                0x08000b8c                HAL_PCD_MspInit
 .text.HAL_PCD_SetupStageCallback
                0x08000c10       0x10 build/usbd_conf.o
                0x08000c10                HAL_PCD_SetupStageCallback
 .text.HAL_PCD_DataOutStageCallback
                0x08000c20       0x18 build/usbd_conf.o
                0x08000c20                HAL_PCD_DataOutStageCallback
 .text.HAL_PCD_DataInStageCallback
                0x08000c38       0x16 build/usbd_conf.o
                0x08000c38                HAL_PCD_DataInStageCallback
 .text.HAL_PCD_SOFCallback
                0x08000c4e        0xc build/usbd_conf.o
                0x08000c4e                HAL_PCD_SOFCallback
 .text.HAL_PCD_ResetCallback
                0x08000c5a       0x24 build/usbd_conf.o
                0x08000c5a                HAL_PCD_ResetCallback
 *fill*         0x08000c7e        0x2 
 .text.HAL_PCD_SuspendCallback
                0x08000c80       0x30 build/usbd_conf.o
                0x08000c80                HAL_PCD_SuspendCallback
 .text.HAL_PCD_ResumeCallback
                0x08000cb0        0xc build/usbd_conf.o
                0x08000cb0                HAL_PCD_ResumeCallback
 .text.HAL_PCD_ISOOUTIncompleteCallback
                0x08000cbc        0xc build/usbd_conf.o
                0x08000cbc                HAL_PCD_ISOOUTIncompleteCallback
 .text.HAL_PCD_ISOINIncompleteCallback
                0x08000cc8        0xc build/usbd_conf.o
                0x08000cc8                HAL_PCD_ISOINIncompleteCallback
 .text.HAL_PCD_ConnectCallback
                0x08000cd4        0xc build/usbd_conf.o
                0x08000cd4                HAL_PCD_ConnectCallback
 .text.HAL_PCD_DisconnectCallback
                0x08000ce0        0xc build/usbd_conf.o
                0x08000ce0                HAL_PCD_DisconnectCallback
 .text.USBD_LL_Init
                0x08000cec       0x68 build/usbd_conf.o
                0x08000cec                USBD_LL_Init
 .text.USBD_LL_IsStallEP
                0x08000d54       0x2e build/usbd_conf.o
                0x08000d54                USBD_LL_IsStallEP
 .text.USBD_LL_GetRxDataSize
                0x08000d82        0xc build/usbd_conf.o
                0x08000d82                USBD_LL_GetRxDataSize
 *fill*         0x08000d8e        0x2 
 .text.USBD_static_malloc
                0x08000d90        0x8 build/usbd_conf.o
                0x08000d90                USBD_static_malloc
 .text.USBD_static_free
                0x08000d98        0x2 build/usbd_conf.o
                0x08000d98                USBD_static_free
 .text.USBD_Get_USB_Status
                0x08000d9a       0x14 build/usbd_conf.o
                0x08000d9a                USBD_Get_USB_Status
 .text.USBD_LL_Start
                0x08000dae       0x10 build/usbd_conf.o
                0x08000dae                USBD_LL_Start
 .text.USBD_LL_OpenEP
                0x08000dbe       0x16 build/usbd_conf.o
                0x08000dbe                USBD_LL_OpenEP
 .text.USBD_LL_CloseEP
                0x08000dd4       0x10 build/usbd_conf.o
                0x08000dd4                USBD_LL_CloseEP
 .text.USBD_LL_StallEP
                0x08000de4       0x10 build/usbd_conf.o
                0x08000de4                USBD_LL_StallEP
 .text.USBD_LL_ClearStallEP
                0x08000df4       0x10 build/usbd_conf.o
                0x08000df4                USBD_LL_ClearStallEP
 .text.USBD_LL_SetUSBAddress
                0x08000e04       0x10 build/usbd_conf.o
                0x08000e04                USBD_LL_SetUSBAddress
 .text.USBD_LL_Transmit
                0x08000e14       0x10 build/usbd_conf.o
                0x08000e14                USBD_LL_Transmit
 .text.USBD_LL_PrepareReceive
                0x08000e24       0x10 build/usbd_conf.o
                0x08000e24                USBD_LL_PrepareReceive
 .text.PCD_WriteEmptyTxFifo
                0x08000e34       0xd0 build/stm32f4xx_hal_pcd.o
 .text.HAL_PCD_Init
                0x08000f04      0x12e build/stm32f4xx_hal_pcd.o
                0x08000f04                HAL_PCD_Init
 .text.HAL_PCD_Start
                0x08001032       0x42 build/stm32f4xx_hal_pcd.o
                0x08001032                HAL_PCD_Start
 .text.PCD_EP_OutXfrComplete_int
                0x08001074      0x104 build/stm32f4xx_hal_pcd.o
 .text.PCD_EP_OutSetupPacket_int
                0x08001178       0x50 build/stm32f4xx_hal_pcd.o
 .text.HAL_PCD_SetAddress
                0x080011c8       0x28 build/stm32f4xx_hal_pcd.o
                0x080011c8                HAL_PCD_SetAddress
 .text.HAL_PCD_EP_Open
                0x080011f0       0x8a build/stm32f4xx_hal_pcd.o
                0x080011f0                HAL_PCD_EP_Open
 .text.HAL_PCD_EP_Close
                0x0800127a       0x72 build/stm32f4xx_hal_pcd.o
                0x0800127a                HAL_PCD_EP_Close
 .text.HAL_PCD_EP_Receive
                0x080012ec       0x5e build/stm32f4xx_hal_pcd.o
                0x080012ec                HAL_PCD_EP_Receive
 .text.HAL_PCD_EP_GetRxCount
                0x0800134a       0x12 build/stm32f4xx_hal_pcd.o
                0x0800134a                HAL_PCD_EP_GetRxCount
 .text.HAL_PCD_EP_Transmit
                0x0800135c       0x5e build/stm32f4xx_hal_pcd.o
                0x0800135c                HAL_PCD_EP_Transmit
 .text.HAL_PCD_EP_SetStall
                0x080013ba       0x88 build/stm32f4xx_hal_pcd.o
                0x080013ba                HAL_PCD_EP_SetStall
 .text.HAL_PCD_EP_ClrStall
                0x08001442       0x76 build/stm32f4xx_hal_pcd.o
                0x08001442                HAL_PCD_EP_ClrStall
 .text.HAL_PCD_EP_Abort
                0x080014b8       0x34 build/stm32f4xx_hal_pcd.o
                0x080014b8                HAL_PCD_EP_Abort
 .text.HAL_PCD_IRQHandler
                0x080014ec      0x5c4 build/stm32f4xx_hal_pcd.o
                0x080014ec                HAL_PCD_IRQHandler
 .text.HAL_PCDEx_SetTxFiFo
                0x08001ab0       0x4c build/stm32f4xx_hal_pcd_ex.o
                0x08001ab0                HAL_PCDEx_SetTxFiFo
 .text.HAL_PCDEx_SetRxFiFo
                0x08001afc        0x8 build/stm32f4xx_hal_pcd_ex.o
                0x08001afc                HAL_PCDEx_SetRxFiFo
 .text.HAL_PCDEx_LPM_Callback
                0x08001b04        0x2 build/stm32f4xx_hal_pcd_ex.o
                0x08001b04                HAL_PCDEx_LPM_Callback
 *fill*         0x08001b06        0x2 
 .text.USB_CoreReset
                0x08001b08       0x50 build/stm32f4xx_ll_usb.o
 .text.USB_CoreInit
                0x08001b58       0x8a build/stm32f4xx_ll_usb.o
                0x08001b58                USB_CoreInit
 *fill*         0x08001be2        0x2 
 .text.USB_SetTurnaroundTime
                0x08001be4       0xe4 build/stm32f4xx_ll_usb.o
                0x08001be4                USB_SetTurnaroundTime
 .text.USB_EnableGlobalInt
                0x08001cc8        0xc build/stm32f4xx_ll_usb.o
                0x08001cc8                USB_EnableGlobalInt
 .text.USB_DisableGlobalInt
                0x08001cd4        0xc build/stm32f4xx_ll_usb.o
                0x08001cd4                USB_DisableGlobalInt
 .text.USB_FlushTxFifo
                0x08001ce0       0x50 build/stm32f4xx_ll_usb.o
                0x08001ce0                USB_FlushTxFifo
 .text.USB_FlushRxFifo
                0x08001d30       0x4c build/stm32f4xx_ll_usb.o
                0x08001d30                USB_FlushRxFifo
 .text.USB_SetDevSpeed
                0x08001d7c        0xe build/stm32f4xx_ll_usb.o
                0x08001d7c                USB_SetDevSpeed
 *fill*         0x08001d8a        0x2 
 .text.USB_DevInit
                0x08001d8c      0x190 build/stm32f4xx_ll_usb.o
                0x08001d8c                USB_DevInit
 .text.USB_GetDevSpeed
                0x08001f1c       0x22 build/stm32f4xx_ll_usb.o
                0x08001f1c                USB_GetDevSpeed
 .text.USB_ActivateEndpoint
                0x08001f3e       0x9c build/stm32f4xx_ll_usb.o
                0x08001f3e                USB_ActivateEndpoint
 *fill*         0x08001fda        0x2 
 .text.USB_DeactivateEndpoint
                0x08001fdc       0xe0 build/stm32f4xx_ll_usb.o
                0x08001fdc                USB_DeactivateEndpoint
 .text.USB_EP0StartXfer
                0x080020bc      0x124 build/stm32f4xx_ll_usb.o
                0x080020bc                USB_EP0StartXfer
 .text.USB_EPStopXfer
                0x080021e0       0xbe build/stm32f4xx_ll_usb.o
                0x080021e0                USB_EPStopXfer
 .text.USB_WritePacket
                0x0800229e       0x2e build/stm32f4xx_ll_usb.o
                0x0800229e                USB_WritePacket
 .text.USB_EPStartXfer
                0x080022cc      0x234 build/stm32f4xx_ll_usb.o
                0x080022cc                USB_EPStartXfer
 .text.USB_ReadPacket
                0x08002500       0x54 build/stm32f4xx_ll_usb.o
                0x08002500                USB_ReadPacket
 .text.USB_EPSetStall
                0x08002554       0x5a build/stm32f4xx_ll_usb.o
                0x08002554                USB_EPSetStall
 .text.USB_EPClearStall
                0x080025ae       0x5c build/stm32f4xx_ll_usb.o
                0x080025ae                USB_EPClearStall
 .text.USB_SetDevAddress
                0x0800260a       0x20 build/stm32f4xx_ll_usb.o
                0x0800260a                USB_SetDevAddress
 .text.USB_DevConnect
                0x0800262a       0x1c build/stm32f4xx_ll_usb.o
                0x0800262a                USB_DevConnect
 .text.USB_DevDisconnect
                0x08002646       0x1c build/stm32f4xx_ll_usb.o
                0x08002646                USB_DevDisconnect
 .text.USB_ReadInterrupts
                0x08002662        0x8 build/stm32f4xx_ll_usb.o
                0x08002662                USB_ReadInterrupts
 .text.USB_ReadDevAllOutEpInterrupt
                0x0800266a       0x10 build/stm32f4xx_ll_usb.o
                0x0800266a                USB_ReadDevAllOutEpInterrupt
 .text.USB_ReadDevAllInEpInterrupt
                0x0800267a       0x10 build/stm32f4xx_ll_usb.o
                0x0800267a                USB_ReadDevAllInEpInterrupt
 .text.USB_ReadDevOutEPInterrupt
                0x0800268a       0x12 build/stm32f4xx_ll_usb.o
                0x0800268a                USB_ReadDevOutEPInterrupt
 .text.USB_ReadDevInEPInterrupt
                0x0800269c       0x28 build/stm32f4xx_ll_usb.o
                0x0800269c                USB_ReadDevInEPInterrupt
 .text.USB_GetMode
                0x080026c4        0x8 build/stm32f4xx_ll_usb.o
                0x080026c4                USB_GetMode
 .text.USB_SetCurrentMode
                0x080026cc       0x62 build/stm32f4xx_ll_usb.o
                0x080026cc                USB_SetCurrentMode
 .text.USB_ActivateSetup
                0x0800272e       0x20 build/stm32f4xx_ll_usb.o
                0x0800272e                USB_ActivateSetup
 *fill*         0x0800274e        0x2 
 .text.USB_EP0_OutStart
                0x08002750       0x60 build/stm32f4xx_ll_usb.o
                0x08002750                USB_EP0_OutStart
 .text.HAL_RCC_OscConfig
                0x080027b0      0x3f8 build/stm32f4xx_hal_rcc.o
                0x080027b0                HAL_RCC_OscConfig
 .text.HAL_RCC_GetSysClockFreq
                0x08002ba8       0xa4 build/stm32f4xx_hal_rcc.o
                0x08002ba8                HAL_RCC_GetSysClockFreq
 .text.HAL_RCC_ClockConfig
                0x08002c4c      0x160 build/stm32f4xx_hal_rcc.o
                0x08002c4c                HAL_RCC_ClockConfig
 .text.HAL_RCC_GetHCLKFreq
                0x08002dac        0xc build/stm32f4xx_hal_rcc.o
                0x08002dac                HAL_RCC_GetHCLKFreq
 .text.HAL_RCC_GetPCLK2Freq
                0x08002db8       0x20 build/stm32f4xx_hal_rcc.o
                0x08002db8                HAL_RCC_GetPCLK2Freq
 .text.HAL_RCC_GetClockConfig
                0x08002dd8       0x3c build/stm32f4xx_hal_rcc.o
                0x08002dd8                HAL_RCC_GetClockConfig
 .text.HAL_GPIO_Init
                0x08002e14      0x1c0 build/stm32f4xx_hal_gpio.o
                0x08002e14                HAL_GPIO_Init
 .text.HAL_GPIO_WritePin
                0x08002fd4        0xc build/stm32f4xx_hal_gpio.o
                0x08002fd4                HAL_GPIO_WritePin
 .text.HAL_NVIC_SetPriorityGrouping
                0x08002fe0       0x24 build/stm32f4xx_hal_cortex.o
                0x08002fe0                HAL_NVIC_SetPriorityGrouping
 .text.HAL_NVIC_SetPriority
                0x08003004       0x70 build/stm32f4xx_hal_cortex.o
                0x08003004                HAL_NVIC_SetPriority
 .text.HAL_NVIC_EnableIRQ
                0x08003074       0x1c build/stm32f4xx_hal_cortex.o
                0x08003074                HAL_NVIC_EnableIRQ
 .text.HAL_Init
                0x08003090       0x34 build/stm32f4xx_hal.o
                0x08003090                HAL_Init
 .text.HAL_IncTick
                0x080030c4       0x18 build/stm32f4xx_hal.o
                0x080030c4                HAL_IncTick
 .text.HAL_GetTick
                0x080030dc        0xc build/stm32f4xx_hal.o
                0x080030dc                HAL_GetTick
 .text.HAL_Delay
                0x080030e8       0x28 build/stm32f4xx_hal.o
                0x080030e8                HAL_Delay
 .text.HAL_TIM_Base_MspInit
                0x08003110        0x2 build/stm32f4xx_hal_tim.o
                0x08003110                HAL_TIM_Base_MspInit
 *fill*         0x08003112        0x2 
 .text.HAL_TIM_Base_Start_IT
                0x08003114       0x78 build/stm32f4xx_hal_tim.o
                0x08003114                HAL_TIM_Base_Start_IT
 .text.HAL_TIM_OC_DelayElapsedCallback
                0x0800318c        0x2 build/stm32f4xx_hal_tim.o
                0x0800318c                HAL_TIM_OC_DelayElapsedCallback
 .text.HAL_TIM_IC_CaptureCallback
                0x0800318e        0x2 build/stm32f4xx_hal_tim.o
                0x0800318e                HAL_TIM_IC_CaptureCallback
 .text.HAL_TIM_PWM_PulseFinishedCallback
                0x08003190        0x2 build/stm32f4xx_hal_tim.o
                0x08003190                HAL_TIM_PWM_PulseFinishedCallback
 .text.HAL_TIM_TriggerCallback
                0x08003192        0x2 build/stm32f4xx_hal_tim.o
                0x08003192                HAL_TIM_TriggerCallback
 .text.HAL_TIM_IRQHandler
                0x08003194      0x17a build/stm32f4xx_hal_tim.o
                0x08003194                HAL_TIM_IRQHandler
 *fill*         0x0800330e        0x2 
 .text.TIM_Base_SetConfig
                0x08003310       0x9c build/stm32f4xx_hal_tim.o
                0x08003310                TIM_Base_SetConfig
 .text.HAL_TIM_Base_Init
                0x080033ac       0x58 build/stm32f4xx_hal_tim.o
                0x080033ac                HAL_TIM_Base_Init
 .text.HAL_TIMEx_CommutCallback
                0x08003404        0x2 build/stm32f4xx_hal_tim_ex.o
                0x08003404                HAL_TIMEx_CommutCallback
 .text.HAL_TIMEx_BreakCallback
                0x08003406        0x2 build/stm32f4xx_hal_tim_ex.o
                0x08003406                HAL_TIMEx_BreakCallback
 .text.SystemInit
                0x08003408       0x14 build/system_stm32f4xx.o
                0x08003408                SystemInit
 .text.USBD_Init
                0x0800341c       0x2e build/usbd_core.o
                0x0800341c                USBD_Init
 .text.USBD_RegisterClass
                0x0800344a       0x34 build/usbd_core.o
                0x0800344a                USBD_RegisterClass
 .text.USBD_Start
                0x0800347e        0x8 build/usbd_core.o
                0x0800347e                USBD_Start
 .text.USBD_SetClassConfig
                0x08003486       0x12 build/usbd_core.o
                0x08003486                USBD_SetClassConfig
 .text.USBD_ClrClassConfig
                0x08003498       0x12 build/usbd_core.o
                0x08003498                USBD_ClrClassConfig
 .text.USBD_LL_SetupStage
                0x080034aa       0x58 build/usbd_core.o
                0x080034aa                USBD_LL_SetupStage
 .text.USBD_LL_Reset
                0x08003502       0x64 build/usbd_core.o
                0x08003502                USBD_LL_Reset
 .text.USBD_LL_SetSpeed
                0x08003566        0x6 build/usbd_core.o
                0x08003566                USBD_LL_SetSpeed
 .text.USBD_LL_Suspend
                0x0800356c       0x14 build/usbd_core.o
                0x0800356c                USBD_LL_Suspend
 .text.USBD_LL_Resume
                0x08003580       0x1a build/usbd_core.o
                0x08003580                USBD_LL_Resume
 .text.USBD_LL_SOF
                0x0800359a       0x22 build/usbd_core.o
                0x0800359a                USBD_LL_SOF
 .text.USBD_LL_IsoINIncomplete
                0x080035bc       0x2e build/usbd_core.o
                0x080035bc                USBD_LL_IsoINIncomplete
 .text.USBD_LL_IsoOUTIncomplete
                0x080035ea       0x2e build/usbd_core.o
                0x080035ea                USBD_LL_IsoOUTIncomplete
 .text.USBD_LL_DevConnected
                0x08003618        0x4 build/usbd_core.o
                0x08003618                USBD_LL_DevConnected
 .text.USBD_LL_DevDisconnected
                0x0800361c       0x20 build/usbd_core.o
                0x0800361c                USBD_LL_DevDisconnected
 .text.USBD_CoreFindIF
                0x0800363c        0x4 build/usbd_core.o
                0x0800363c                USBD_CoreFindIF
 .text.USBD_CoreFindEP
                0x08003640        0x4 build/usbd_core.o
                0x08003640                USBD_CoreFindEP
 .text.USBD_LL_DataOutStage
                0x08003644       0xc6 build/usbd_core.o
                0x08003644                USBD_LL_DataOutStage
 .text.USBD_LL_DataInStage
                0x0800370a       0xd6 build/usbd_core.o
                0x0800370a                USBD_LL_DataInStage
 .text.USBD_GetNextDesc
                0x080037e0        0xe build/usbd_core.o
                0x080037e0                USBD_GetNextDesc
 .text.USBD_GetEpDesc
                0x080037ee       0x3e build/usbd_core.o
                0x080037ee                USBD_GetEpDesc
 .text.USBD_GetLen
                0x0800382c       0x14 build/usbd_ctlreq.o
 .text.USBD_ParseSetupRequest
                0x08003840       0x28 build/usbd_ctlreq.o
                0x08003840                USBD_ParseSetupRequest
 .text.USBD_CtlError
                0x08003868       0x14 build/usbd_ctlreq.o
                0x08003868                USBD_CtlError
 .text.USBD_GetDescriptor
                0x0800387c      0x18a build/usbd_ctlreq.o
 .text.USBD_SetAddress
                0x08003a06       0x50 build/usbd_ctlreq.o
 *fill*         0x08003a56        0x2 
 .text.USBD_SetConfig
                0x08003a58       0xcc build/usbd_ctlreq.o
 .text.USBD_GetConfig
                0x08003b24       0x40 build/usbd_ctlreq.o
 .text.USBD_GetStatus
                0x08003b64       0x38 build/usbd_ctlreq.o
 .text.USBD_SetFeature
                0x08003b9c       0x2a build/usbd_ctlreq.o
 .text.USBD_ClrFeature
                0x08003bc6       0x26 build/usbd_ctlreq.o
 .text.USBD_StdDevReq
                0x08003bec       0x76 build/usbd_ctlreq.o
                0x08003bec                USBD_StdDevReq
 .text.USBD_StdItfReq
                0x08003c62       0x84 build/usbd_ctlreq.o
                0x08003c62                USBD_StdItfReq
 .text.USBD_StdEPReq
                0x08003ce6      0x230 build/usbd_ctlreq.o
                0x08003ce6                USBD_StdEPReq
 .text.USBD_GetString
                0x08003f16       0x3a build/usbd_ctlreq.o
                0x08003f16                USBD_GetString
 .text.USBD_CtlSendData
                0x08003f50       0x1a build/usbd_ioreq.o
                0x08003f50                USBD_CtlSendData
 .text.USBD_CtlContinueSendData
                0x08003f6a       0x10 build/usbd_ioreq.o
                0x08003f6a                USBD_CtlContinueSendData
 .text.USBD_CtlPrepareRx
                0x08003f7a       0x1e build/usbd_ioreq.o
                0x08003f7a                USBD_CtlPrepareRx
 .text.USBD_CtlContinueRx
                0x08003f98       0x10 build/usbd_ioreq.o
                0x08003f98                USBD_CtlContinueRx
 .text.USBD_CtlSendStatus
                0x08003fa8       0x16 build/usbd_ioreq.o
                0x08003fa8                USBD_CtlSendStatus
 .text.USBD_CtlReceiveStatus
                0x08003fbe       0x16 build/usbd_ioreq.o
                0x08003fbe                USBD_CtlReceiveStatus
 .text.USBD_CDC_EP0_RxReady
                0x08003fd4       0x40 build/usbd_cdc.o
 .text.USBD_CDC_GetDeviceQualifierDescriptor
                0x08004014        0xc build/usbd_cdc.o
                0x08004014                USBD_CDC_GetDeviceQualifierDescriptor
 .text.USBD_CDC_GetOtherSpeedCfgDesc
                0x08004020       0x48 build/usbd_cdc.o
 .text.USBD_CDC_GetFSCfgDesc
                0x08004068       0x48 build/usbd_cdc.o
 .text.USBD_CDC_GetHSCfgDesc
                0x080040b0       0x48 build/usbd_cdc.o
 .text.USBD_CDC_DataOut
                0x080040f8       0x38 build/usbd_cdc.o
 .text.USBD_CDC_DataIn
                0x08004130       0x7c build/usbd_cdc.o
 .text.USBD_CDC_Setup
                0x080041ac      0x11a build/usbd_cdc.o
 .text.USBD_CDC_DeInit
                0x080042c6       0x64 build/usbd_cdc.o
 .text.USBD_CDC_Init
                0x0800432a       0xee build/usbd_cdc.o
 .text.USBD_CDC_RegisterInterface
                0x08004418       0x16 build/usbd_cdc.o
                0x08004418                USBD_CDC_RegisterInterface
 .text.USBD_CDC_SetTxBuffer
                0x0800442e       0x1c build/usbd_cdc.o
                0x0800442e                USBD_CDC_SetTxBuffer
 .text.USBD_CDC_SetRxBuffer
                0x0800444a       0x18 build/usbd_cdc.o
                0x0800444a                USBD_CDC_SetRxBuffer
 .text.USBD_CDC_TransmitPacket
                0x08004462       0x3a build/usbd_cdc.o
                0x08004462                USBD_CDC_TransmitPacket
 .text.USBD_CDC_ReceivePacket
                0x0800449c       0x38 build/usbd_cdc.o
                0x0800449c                USBD_CDC_ReceivePacket
 .text.DWT_Init
                0x080044d4       0x38 build/dwt_delay.o
                0x080044d4                DWT_Init
 .text.vListInitialise
                0x0800450c       0x16 build/list.o
                0x0800450c                vListInitialise
 .text.vListInitialiseItem
                0x08004522        0x6 build/list.o
                0x08004522                vListInitialiseItem
 .text.vListInsertEnd
                0x08004528       0x16 build/list.o
                0x08004528                vListInsertEnd
 .text.vListInsert
                0x0800453e       0x32 build/list.o
                0x0800453e                vListInsert
 .text.uxListRemove
                0x08004570       0x26 build/list.o
                0x08004570                uxListRemove
 *fill*         0x08004596        0x2 
 .text.prvIdleTask
                0x08004598       0x24 build/tasks.o
 .text.prvTaskCheckFreeStackSpace
                0x080045bc       0x14 build/tasks.o
 .text.prvResetNextTaskUnblockTime
                0x080045d0       0x28 build/tasks.o
 .text.prvInitialiseNewTask
                0x080045f8       0xa2 build/tasks.o
 *fill*         0x0800469a        0x2 
 .text.prvInitialiseTaskLists
                0x0800469c       0x5c build/tasks.o
 .text.prvAddNewTaskToReadyList
                0x080046f8       0xd0 build/tasks.o
 .text.prvAddCurrentTaskToDelayedList
                0x080047c8       0xa8 build/tasks.o
 .text.xTaskCreate
                0x08004870       0x64 build/tasks.o
                0x08004870                xTaskCreate
 .text.vTaskStartScheduler
                0x080048d4       0xa0 build/tasks.o
                0x080048d4                vTaskStartScheduler
 .text.vTaskSuspendAll
                0x08004974       0x10 build/tasks.o
                0x08004974                vTaskSuspendAll
 .text.xTaskGetTickCountFromISR
                0x08004984       0x10 build/tasks.o
                0x08004984                xTaskGetTickCountFromISR
 .text.xTaskIncrementTick
                0x08004994      0x120 build/tasks.o
                0x08004994                xTaskIncrementTick
 .text.xTaskResumeAll
                0x08004ab4       0xfc build/tasks.o
                0x08004ab4                xTaskResumeAll
 .text.vTaskDelay
                0x08004bb0       0x54 build/tasks.o
                0x08004bb0                vTaskDelay
 .text.vTaskSwitchContext
                0x08004c04       0xb4 build/tasks.o
                0x08004c04                vTaskSwitchContext
 .text.uxTaskGetStackHighWaterMark
                0x08004cb8       0x18 build/tasks.o
                0x08004cb8                uxTaskGetStackHighWaterMark
 .text.prvTaskExitError
                0x08004cd0       0x40 build/port.o
 .text.prvPortStartFirstTask
                0x08004d10       0x28 build/port.o
 .text.vPortEnableVFP
                0x08004d38       0x14 build/port.o
 .text.pxPortInitialiseStack
                0x08004d4c       0x2c build/port.o
                0x08004d4c                pxPortInitialiseStack
 *fill*         0x08004d78        0x8 
 .text.SVC_Handler
                0x08004d80       0x24 build/port.o
                0x08004d80                SVC_Handler
 .text.vPortEnterCritical
                0x08004da4       0x44 build/port.o
                0x08004da4                vPortEnterCritical
 .text.vPortExitCritical
                0x08004de8       0x2c build/port.o
                0x08004de8                vPortExitCritical
 *fill*         0x08004e14        0xc 
 .text.PendSV_Handler
                0x08004e20       0x64 build/port.o
                0x08004e20                PendSV_Handler
 .text.SysTick_Handler
                0x08004e84       0x3a build/port.o
                0x08004e84                SysTick_Handler
 *fill*         0x08004ebe        0x2 
 .text.vPortSetupTimerInterrupt
                0x08004ec0       0x28 build/port.o
                0x08004ec0                vPortSetupTimerInterrupt
 .text.xPortStartScheduler
                0x08004ee8      0x118 build/port.o
                0x08004ee8                xPortStartScheduler
 .text.vPortValidateInterruptPriority
                0x08005000       0x5c build/port.o
                0x08005000                vPortValidateInterruptPriority
 .text.vSetVarulMaxPRIGROUPValue
                0x0800505c       0x68 build/port.o
                0x0800505c                vSetVarulMaxPRIGROUPValue
 .text.prvHeapInit
                0x080050c4       0x64 build/heap_4.o
 .text.prvInsertBlockIntoFreeList
                0x08005128       0x64 build/heap_4.o
 .text.pvPortMalloc
                0x0800518c      0x110 build/heap_4.o
                0x0800518c                pvPortMalloc
 .text.vPortFree
                0x0800529c       0x7c build/heap_4.o
                0x0800529c                vPortFree
 .text._cbSendSystemDesc
                0x08005318       0x18 build/SEGGER_SYSVIEW_Config_FreeRTOS.o
 .text.SEGGER_SYSVIEW_Conf
                0x08005330       0x28 build/SEGGER_SYSVIEW_Config_FreeRTOS.o
                0x08005330                SEGGER_SYSVIEW_Conf
 .text._cbGetTime
                0x08005358       0x28 build/SEGGER_SYSVIEW_FreeRTOS.o
 .text.SYSVIEW_SendTaskInfo
                0x08005380       0x26 build/SEGGER_SYSVIEW_FreeRTOS.o
                0x08005380                SYSVIEW_SendTaskInfo
 *fill*         0x080053a6        0x2 
 .text.SYSVIEW_AddTask
                0x080053a8       0x6c build/SEGGER_SYSVIEW_FreeRTOS.o
                0x080053a8                SYSVIEW_AddTask
 .text._cbSendTaskList
                0x08005414       0x40 build/SEGGER_SYSVIEW_FreeRTOS.o
 .text._GetAvailWriteSpace
                0x08005454       0x18 build/SEGGER_RTT.o
 .text._WriteNoCheck
                0x0800546c       0x4c build/SEGGER_RTT.o
 .text._WriteBlocking
                0x080054b8       0x62 build/SEGGER_RTT.o
 *fill*         0x0800551a        0x2 
 .text._DoInit  0x0800551c       0x6c build/SEGGER_RTT.o
 .text.SEGGER_RTT_ReadUpBufferNoLock
                0x08005588       0xac build/SEGGER_RTT.o
                0x08005588                SEGGER_RTT_ReadUpBufferNoLock
 .text.SEGGER_RTT_ReadNoLock
                0x08005634       0xa0 build/SEGGER_RTT.o
                0x08005634                SEGGER_RTT_ReadNoLock
 .text.SEGGER_RTT_WriteDownBufferNoLock
                0x080056d4       0x64 build/SEGGER_RTT.o
                0x080056d4                SEGGER_RTT_WriteDownBufferNoLock
 .text.SEGGER_RTT_WriteDownBuffer
                0x08005738       0x34 build/SEGGER_RTT.o
                0x08005738                SEGGER_RTT_WriteDownBuffer
 .text.SEGGER_RTT_AllocUpBuffer
                0x0800576c       0x8c build/SEGGER_RTT.o
                0x0800576c                SEGGER_RTT_AllocUpBuffer
 .text.SEGGER_RTT_ConfigDownBuffer
                0x080057f8       0x68 build/SEGGER_RTT.o
                0x080057f8                SEGGER_RTT_ConfigDownBuffer
 .text._EncodeStr
                0x08005860       0x6c build/SEGGER_SYSVIEW.o
 .text._PreparePacket
                0x080058cc        0x4 build/SEGGER_SYSVIEW.o
 .text._TrySendOverflowPacket
                0x080058d0       0x7c build/SEGGER_SYSVIEW.o
 .text.SEGGER_SYSVIEW_Init
                0x0800594c       0x6c build/SEGGER_SYSVIEW.o
                0x0800594c                SEGGER_SYSVIEW_Init
 .text.SEGGER_SYSVIEW_SetRAMBase
                0x080059b8        0xc build/SEGGER_SYSVIEW.o
                0x080059b8                SEGGER_SYSVIEW_SetRAMBase
 .text.SEGGER_SYSVIEW_SendTaskList
                0x080059c4       0x14 build/SEGGER_SYSVIEW.o
                0x080059c4                SEGGER_SYSVIEW_SendTaskList
 .text.SEGGER_SYSVIEW_SendModuleDescription
                0x080059d8       0x20 build/SEGGER_SYSVIEW.o
                0x080059d8                SEGGER_SYSVIEW_SendModuleDescription
 .text.SEGGER_SYSVIEW_SendNumModules
                0x080059f8       0x44 build/SEGGER_SYSVIEW.o
                0x080059f8                SEGGER_SYSVIEW_SendNumModules
 .text.SEGGER_SYSVIEW_Start
                0x08005a3c       0xb8 build/SEGGER_SYSVIEW.o
                0x08005a3c                SEGGER_SYSVIEW_Start
 .text._HandleIncomingPacket
                0x08005af4       0x9c build/SEGGER_SYSVIEW.o
 .text._SendPacket
                0x08005b90      0x190 build/SEGGER_SYSVIEW.o
 .text.SEGGER_SYSVIEW_RecordVoid
                0x08005d20       0x28 build/SEGGER_SYSVIEW.o
                0x08005d20                SEGGER_SYSVIEW_RecordVoid
 .text.SEGGER_SYSVIEW_RecordU32
                0x08005d48       0x40 build/SEGGER_SYSVIEW.o
                0x08005d48                SEGGER_SYSVIEW_RecordU32
 .text.SEGGER_SYSVIEW_RecordU32x2
                0x08005d88       0x54 build/SEGGER_SYSVIEW.o
                0x08005d88                SEGGER_SYSVIEW_RecordU32x2
 .text.SEGGER_SYSVIEW_RecordSystime
                0x08005ddc       0x30 build/SEGGER_SYSVIEW.o
                0x08005ddc                SEGGER_SYSVIEW_RecordSystime
 .text.SEGGER_SYSVIEW_Stop
                0x08005e0c       0x38 build/SEGGER_SYSVIEW.o
                0x08005e0c                SEGGER_SYSVIEW_Stop
 .text.SEGGER_SYSVIEW_GetSysDesc
                0x08005e44       0x80 build/SEGGER_SYSVIEW.o
                0x08005e44                SEGGER_SYSVIEW_GetSysDesc
 .text.SEGGER_SYSVIEW_SendTaskInfo
                0x08005ec4       0xc4 build/SEGGER_SYSVIEW.o
                0x08005ec4                SEGGER_SYSVIEW_SendTaskInfo
 .text.SEGGER_SYSVIEW_SendSysDesc
                0x08005f88       0x34 build/SEGGER_SYSVIEW.o
                0x08005f88                SEGGER_SYSVIEW_SendSysDesc
 .text.SEGGER_SYSVIEW_RecordEnterISR
                0x08005fbc       0x48 build/SEGGER_SYSVIEW.o
                0x08005fbc                SEGGER_SYSVIEW_RecordEnterISR
 .text.SEGGER_SYSVIEW_RecordExitISR
                0x08006004       0x28 build/SEGGER_SYSVIEW.o
                0x08006004                SEGGER_SYSVIEW_RecordExitISR
 .text.SEGGER_SYSVIEW_RecordExitISRToScheduler
                0x0800602c       0x28 build/SEGGER_SYSVIEW.o
                0x0800602c                SEGGER_SYSVIEW_RecordExitISRToScheduler
 .text.SEGGER_SYSVIEW_OnIdle
                0x08006054       0x28 build/SEGGER_SYSVIEW.o
                0x08006054                SEGGER_SYSVIEW_OnIdle
 .text.SEGGER_SYSVIEW_OnTaskCreate
                0x0800607c       0x48 build/SEGGER_SYSVIEW.o
                0x0800607c                SEGGER_SYSVIEW_OnTaskCreate
 .text.SEGGER_SYSVIEW_OnTaskStartExec
                0x080060c4       0x48 build/SEGGER_SYSVIEW.o
                0x080060c4                SEGGER_SYSVIEW_OnTaskStartExec
 .text.SEGGER_SYSVIEW_OnTaskStartReady
                0x0800610c       0x48 build/SEGGER_SYSVIEW.o
                0x0800610c                SEGGER_SYSVIEW_OnTaskStartReady
 .text.SEGGER_SYSVIEW_OnTaskStopReady
                0x08006154       0x5c build/SEGGER_SYSVIEW.o
                0x08006154                SEGGER_SYSVIEW_OnTaskStopReady
 .text.SEGGER_SYSVIEW_SendModule
                0x080061b0       0x78 build/SEGGER_SYSVIEW.o
                0x080061b0                SEGGER_SYSVIEW_SendModule
 .text.SEGGER_SYSVIEW_Warn
                0x08006228       0x40 build/SEGGER_SYSVIEW.o
                0x08006228                SEGGER_SYSVIEW_Warn
 .text.SEGGER_SYSVIEW_IsStarted
                0x08006268       0x48 build/SEGGER_SYSVIEW.o
                0x08006268                SEGGER_SYSVIEW_IsStarted
 .text._StartSysView
                0x080062b0       0x10 build/segger_uart.o
 .text._cbOnUARTRx
                0x080062c0       0x34 build/segger_uart.o
 .text._cbOnUARTTx
                0x080062f4       0x38 build/segger_uart.o
 .text.USART1_IRQHandler
                0x0800632c       0x60 build/segger_uart.o
                0x0800632c                USART1_IRQHandler
 .text.HIF_UART_EnableTXEInterrupt
                0x0800638c       0x10 build/segger_uart.o
                0x0800638c                HIF_UART_EnableTXEInterrupt
 .text.HIF_UART_Init
                0x0800639c       0xa4 build/segger_uart.o
                0x0800639c                HIF_UART_Init
 .text.SEGGER_UART_init
                0x08006440       0x14 build/segger_uart.o
                0x08006440                SEGGER_UART_init
 .text.Reset_Handler
                0x08006454       0x50 build/startup_stm32f401xc.o
                0x08006454                Reset_Handler
 .text.Default_Handler
                0x080064a4        0x2 build/startup_stm32f401xc.o
                0x080064a4                RTC_Alarm_IRQHandler
                0x080064a4                EXTI2_IRQHandler
                0x080064a4                SPI4_IRQHandler
                0x080064a4                TIM1_CC_IRQHandler
                0x080064a4                DMA2_Stream5_IRQHandler
                0x080064a4                DMA1_Stream5_IRQHandler
                0x080064a4                PVD_IRQHandler
                0x080064a4                SDIO_IRQHandler
                0x080064a4                TAMP_STAMP_IRQHandler
                0x080064a4                EXTI3_IRQHandler
                0x080064a4                I2C3_ER_IRQHandler
                0x080064a4                EXTI0_IRQHandler
                0x080064a4                I2C2_EV_IRQHandler
                0x080064a4                DMA1_Stream2_IRQHandler
                0x080064a4                FPU_IRQHandler
                0x080064a4                DMA2_Stream2_IRQHandler
                0x080064a4                SPI1_IRQHandler
                0x080064a4                TIM1_BRK_TIM9_IRQHandler
                0x080064a4                DMA2_Stream3_IRQHandler
                0x080064a4                USART6_IRQHandler
                0x080064a4                DMA2_Stream0_IRQHandler
                0x080064a4                TIM4_IRQHandler
                0x080064a4                I2C1_EV_IRQHandler
                0x080064a4                DMA1_Stream6_IRQHandler
                0x080064a4                DMA1_Stream1_IRQHandler
                0x080064a4                TIM3_IRQHandler
                0x080064a4                RCC_IRQHandler
                0x080064a4                Default_Handler
                0x080064a4                EXTI15_10_IRQHandler
                0x080064a4                ADC_IRQHandler
                0x080064a4                DMA1_Stream7_IRQHandler
                0x080064a4                TIM5_IRQHandler
                0x080064a4                DMA2_Stream7_IRQHandler
                0x080064a4                I2C3_EV_IRQHandler
                0x080064a4                EXTI9_5_IRQHandler
                0x080064a4                RTC_WKUP_IRQHandler
                0x080064a4                SPI2_IRQHandler
                0x080064a4                DMA1_Stream0_IRQHandler
                0x080064a4                EXTI4_IRQHandler
                0x080064a4                WWDG_IRQHandler
                0x080064a4                TIM2_IRQHandler
                0x080064a4                OTG_FS_WKUP_IRQHandler
                0x080064a4                TIM1_TRG_COM_TIM11_IRQHandler
                0x080064a4                EXTI1_IRQHandler
                0x080064a4                USART2_IRQHandler
                0x080064a4                I2C2_ER_IRQHandler
                0x080064a4                DMA2_Stream1_IRQHandler
                0x080064a4                FLASH_IRQHandler
                0x080064a4                DMA2_Stream4_IRQHandler
                0x080064a4                SPI3_IRQHandler
                0x080064a4                DMA1_Stream4_IRQHandler
                0x080064a4                I2C1_ER_IRQHandler
                0x080064a4                DMA2_Stream6_IRQHandler
                0x080064a4                DMA1_Stream3_IRQHandler
 *fill*         0x080064a6        0x2 
 .text.__libc_init_array
                0x080064a8       0x48 d:/gcc-arm-none-eabi-10.3-2021.10/bin/../lib/gcc/arm-none-eabi/10.3.1/../../../../arm-none-eabi/lib/thumb/v7e-m+fp/hard\libc_nano.a(lib_a-init.o)
                0x080064a8                __libc_init_array
 .text.memcmp   0x080064f0       0x20 d:/gcc-arm-none-eabi-10.3-2021.10/bin/../lib/gcc/arm-none-eabi/10.3.1/../../../../arm-none-eabi/lib/thumb/v7e-m+fp/hard\libc_nano.a(lib_a-memcmp.o)
                0x080064f0                memcmp
 .text.memcpy   0x08006510       0x1c d:/gcc-arm-none-eabi-10.3-2021.10/bin/../lib/gcc/arm-none-eabi/10.3.1/../../../../arm-none-eabi/lib/thumb/v7e-m+fp/hard\libc_nano.a(lib_a-memcpy-stub.o)
                0x08006510                memcpy
 .text.memset   0x0800652c       0x10 d:/gcc-arm-none-eabi-10.3-2021.10/bin/../lib/gcc/arm-none-eabi/10.3.1/../../../../arm-none-eabi/lib/thumb/v7e-m+fp/hard\libc_nano.a(lib_a-memset.o)
                0x0800652c                memset
 .text.snprintf
                0x0800653c       0x68 d:/gcc-arm-none-eabi-10.3-2021.10/bin/../lib/gcc/arm-none-eabi/10.3.1/../../../../arm-none-eabi/lib/thumb/v7e-m+fp/hard\libc_nano.a(lib_a-snprintf.o)
                0x0800653c                sniprintf
                0x0800653c                snprintf
 .text.__ssputs_r
                0x080065a4       0xb6 d:/gcc-arm-none-eabi-10.3-2021.10/bin/../lib/gcc/arm-none-eabi/10.3.1/../../../../arm-none-eabi/lib/thumb/v7e-m+fp/hard\libc_nano.a(lib_a-nano-svfprintf.o)
                0x080065a4                __ssputs_r
 *fill*         0x0800665a        0x2 
 .text._svfprintf_r
                0x0800665c      0x200 d:/gcc-arm-none-eabi-10.3-2021.10/bin/../lib/gcc/arm-none-eabi/10.3.1/../../../../arm-none-eabi/lib/thumb/v7e-m+fp/hard\libc_nano.a(lib_a-nano-svfprintf.o)
                0x0800665c                _svfiprintf_r
                0x0800665c                _svfprintf_r
 .text._printf_common
                0x0800685c       0xda d:/gcc-arm-none-eabi-10.3-2021.10/bin/../lib/gcc/arm-none-eabi/10.3.1/../../../../arm-none-eabi/lib/thumb/v7e-m+fp/hard\libc_nano.a(lib_a-nano-vfprintf_i.o)
                0x0800685c                _printf_common
 *fill*         0x08006936        0x2 
 .text._printf_i
                0x08006938      0x24c d:/gcc-arm-none-eabi-10.3-2021.10/bin/../lib/gcc/arm-none-eabi/10.3.1/../../../../arm-none-eabi/lib/thumb/v7e-m+fp/hard\libc_nano.a(lib_a-nano-vfprintf_i.o)
                0x08006938                _printf_i
 .text.memmove  0x08006b84       0x34 d:/gcc-arm-none-eabi-10.3-2021.10/bin/../lib/gcc/arm-none-eabi/10.3.1/../../../../arm-none-eabi/lib/thumb/v7e-m+fp/hard\libc_nano.a(lib_a-memmove.o)
                0x08006b84                memmove
 .text._free_r  0x08006bb8       0x98 d:/gcc-arm-none-eabi-10.3-2021.10/bin/../lib/gcc/arm-none-eabi/10.3.1/../../../../arm-none-eabi/lib/thumb/v7e-m+fp/hard\libc_nano.a(lib_a-nano-freer.o)
                0x08006bb8                _free_r
 .text.sbrk_aligned
                0x08006c50       0x40 d:/gcc-arm-none-eabi-10.3-2021.10/bin/../lib/gcc/arm-none-eabi/10.3.1/../../../../arm-none-eabi/lib/thumb/v7e-m+fp/hard\libc_nano.a(lib_a-nano-mallocr.o)
 .text._malloc_r
                0x08006c90       0xe8 d:/gcc-arm-none-eabi-10.3-2021.10/bin/../lib/gcc/arm-none-eabi/10.3.1/../../../../arm-none-eabi/lib/thumb/v7e-m+fp/hard\libc_nano.a(lib_a-nano-mallocr.o)
                0x08006c90                _malloc_r
 .text._realloc_r
                0x08006d78       0x5e d:/gcc-arm-none-eabi-10.3-2021.10/bin/../lib/gcc/arm-none-eabi/10.3.1/../../../../arm-none-eabi/lib/thumb/v7e-m+fp/hard\libc_nano.a(lib_a-nano-reallocr.o)
                0x08006d78                _realloc_r
 *fill*         0x08006dd6        0x2 
 .text._sbrk_r  0x08006dd8       0x20 d:/gcc-arm-none-eabi-10.3-2021.10/bin/../lib/gcc/arm-none-eabi/10.3.1/../../../../arm-none-eabi/lib/thumb/v7e-m+fp/hard\libc_nano.a(lib_a-sbrkr.o)
                0x08006dd8                _sbrk_r
 .text.__malloc_lock
                0x08006df8        0xc d:/gcc-arm-none-eabi-10.3-2021.10/bin/../lib/gcc/arm-none-eabi/10.3.1/../../../../arm-none-eabi/lib/thumb/v7e-m+fp/hard\libc_nano.a(lib_a-mlock.o)
                0x08006df8                __malloc_lock
 .text.__malloc_unlock
                0x08006e04        0xc d:/gcc-arm-none-eabi-10.3-2021.10/bin/../lib/gcc/arm-none-eabi/10.3.1/../../../../arm-none-eabi/lib/thumb/v7e-m+fp/hard\libc_nano.a(lib_a-mlock.o)
                0x08006e04                __malloc_unlock
 .text._malloc_usable_size_r
                0x08006e10       0x10 d:/gcc-arm-none-eabi-10.3-2021.10/bin/../lib/gcc/arm-none-eabi/10.3.1/../../../../arm-none-eabi/lib/thumb/v7e-m+fp/hard\libc_nano.a(lib_a-nano-msizer.o)
                0x08006e10                _malloc_usable_size_r
 .text.__retarget_lock_acquire_recursive
                0x08006e20        0x2 d:/gcc-arm-none-eabi-10.3-2021.10/bin/../lib/gcc/arm-none-eabi/10.3.1/../../../../arm-none-eabi/lib/thumb/v7e-m+fp/hard\libc_nano.a(lib_a-lock.o)
                0x08006e20                __retarget_lock_acquire_recursive
 .text.__retarget_lock_release_recursive
                0x08006e22        0x2 d:/gcc-arm-none-eabi-10.3-2021.10/bin/../lib/gcc/arm-none-eabi/10.3.1/../../../../arm-none-eabi/lib/thumb/v7e-m+fp/hard\libc_nano.a(lib_a-lock.o)
                0x08006e22                __retarget_lock_release_recursive
 .text._sbrk    0x08006e24       0x1c d:/gcc-arm-none-eabi-10.3-2021.10/bin/../lib/gcc/arm-none-eabi/10.3.1/../../../../arm-none-eabi/lib/thumb/v7e-m+fp/hard\libnosys.a(sbrk.o)
                0x08006e24                _sbrk
 *(.glue_7)
 .glue_7        0x08006e40        0x0 linker stubs
 *(.glue_7t)
 .glue_7t       0x08006e40        0x0 linker stubs
 *(.eh_frame)
 .eh_frame      0x08006e40        0x0 d:/gcc-arm-none-eabi-10.3-2021.10/bin/../lib/gcc/arm-none-eabi/10.3.1/thumb/v7e-m+fp/hard/crtbegin.o
 *(.init)
 .init          0x08006e40        0x4 d:/gcc-arm-none-eabi-10.3-2021.10/bin/../lib/gcc/arm-none-eabi/10.3.1/thumb/v7e-m+fp/hard/crti.o
                0x08006e40                _init
 .init          0x08006e44        0x8 d:/gcc-arm-none-eabi-10.3-2021.10/bin/../lib/gcc/arm-none-eabi/10.3.1/thumb/v7e-m+fp/hard/crtn.o
 *(.fini)
 .fini          0x08006e4c        0x4 d:/gcc-arm-none-eabi-10.3-2021.10/bin/../lib/gcc/arm-none-eabi/10.3.1/thumb/v7e-m+fp/hard/crti.o
                0x08006e4c                _fini
 .fini          0x08006e50        0x8 d:/gcc-arm-none-eabi-10.3-2021.10/bin/../lib/gcc/arm-none-eabi/10.3.1/thumb/v7e-m+fp/hard/crtn.o
                0x08006e58                . = ALIGN (0x4)
                0x08006e58                _etext = .

.vfp11_veneer   0x08006e58        0x0
 .vfp11_veneer  0x08006e58        0x0 linker stubs

.v4_bx          0x08006e58        0x0
 .v4_bx         0x08006e58        0x0 linker stubs

.iplt           0x08006e58        0x0
 .iplt          0x08006e58        0x0 d:/gcc-arm-none-eabi-10.3-2021.10/bin/../lib/gcc/arm-none-eabi/10.3.1/thumb/v7e-m+fp/hard/crtbegin.o

.rodata         0x08006e58      0x194
                0x08006e58                . = ALIGN (0x4)
 *(.rodata)
 *(.rodata*)
 .rodata.task2.str1.4
                0x08006e58       0x11 build/main.o
 *fill*         0x08006e69        0x3 
 .rodata.main.str1.4
                0x08006e6c        0xe build/main.o
 *fill*         0x08006e7a        0x2 
 .rodata.USBD_FS_ProductStrDescriptor.str1.4
                0x08006e7c       0x16 build/usbd_desc.o
 *fill*         0x08006e92        0x2 
 .rodata.USBD_FS_ManufacturerStrDescriptor.str1.4
                0x08006e94       0x13 build/usbd_desc.o
 *fill*         0x08006ea7        0x1 
 .rodata.USBD_FS_ConfigStrDescriptor.str1.4
                0x08006ea8        0xb build/usbd_desc.o
 *fill*         0x08006eb3        0x1 
 .rodata.USBD_FS_InterfaceStrDescriptor.str1.4
                0x08006eb4        0xe build/usbd_desc.o
 *fill*         0x08006ec2        0x2 
 .rodata.AHBPrescTable
                0x08006ec4       0x10 build/system_stm32f4xx.o
                0x08006ec4                AHBPrescTable
 .rodata.APBPrescTable
                0x08006ed4        0x8 build/system_stm32f4xx.o
                0x08006ed4                APBPrescTable
 .rodata.vTaskStartScheduler.str1.4
                0x08006edc        0x5 build/tasks.o
 *fill*         0x08006ee1        0x3 
 .rodata._cbSendSystemDesc.str1.4
                0x08006ee4       0x41 build/SEGGER_SYSVIEW_Config_FreeRTOS.o
 *fill*         0x08006f25        0x3 
 .rodata.SYSVIEW_AddTask.str1.4
                0x08006f28       0x50 build/SEGGER_SYSVIEW_FreeRTOS.o
                                 0x58 (size before relaxing)
 .rodata.SYSVIEW_X_OS_TraceAPI
                0x08006f78        0x8 build/SEGGER_SYSVIEW_FreeRTOS.o
                0x08006f78                SYSVIEW_X_OS_TraceAPI
 .rodata._DoInit.str1.4
                0x08006f80        0x9 build/SEGGER_RTT.o
 *fill*         0x08006f89        0x3 
 .rodata._aInitStr.0
                0x08006f8c       0x11 build/SEGGER_RTT.o
 *fill*         0x08006f9d        0x3 
 .rodata.SEGGER_SYSVIEW_Init.str1.4
                0x08006fa0        0x8 build/SEGGER_SYSVIEW.o
 .rodata._abSync
                0x08006fa8        0xa build/SEGGER_SYSVIEW.o
 *fill*         0x08006fb2        0x2 
 .rodata._abHelloMsg
                0x08006fb4        0x4 build/segger_uart.o
 .rodata._svfprintf_r.str1.1
                0x08006fb8       0x11 d:/gcc-arm-none-eabi-10.3-2021.10/bin/../lib/gcc/arm-none-eabi/10.3.1/../../../../arm-none-eabi/lib/thumb/v7e-m+fp/hard\libc_nano.a(lib_a-nano-svfprintf.o)
 .rodata._printf_i.str1.1
                0x08006fc9       0x22 d:/gcc-arm-none-eabi-10.3-2021.10/bin/../lib/gcc/arm-none-eabi/10.3.1/../../../../arm-none-eabi/lib/thumb/v7e-m+fp/hard\libc_nano.a(lib_a-nano-vfprintf_i.o)
                0x08006fec                . = ALIGN (0x4)
 *fill*         0x08006feb        0x1 

.ARM.extab
 *(.ARM.extab* .gnu.linkonce.armextab.*)

.ARM            0x08006fec        0x8
                0x08006fec                __exidx_start = .
 *(.ARM.exidx*)
 .ARM.exidx     0x08006fec        0x8 d:/gcc-arm-none-eabi-10.3-2021.10/bin/../lib/gcc/arm-none-eabi/10.3.1/thumb/v7e-m+fp/hard\libgcc.a(_udivmoddi4.o)
                0x08006ff4                __exidx_end = .

.rel.dyn        0x08006ff4        0x0
 .rel.iplt      0x08006ff4        0x0 d:/gcc-arm-none-eabi-10.3-2021.10/bin/../lib/gcc/arm-none-eabi/10.3.1/thumb/v7e-m+fp/hard/crtbegin.o

.preinit_array  0x08006ff4        0x0
                0x08006ff4                PROVIDE (__preinit_array_start = .)
 *(.preinit_array*)
                0x08006ff4                PROVIDE (__preinit_array_end = .)

.init_array     0x08006ff4        0x4
                0x08006ff4                PROVIDE (__init_array_start = .)
 *(SORT_BY_NAME(.init_array.*))
 *(.init_array*)
 .init_array    0x08006ff4        0x4 d:/gcc-arm-none-eabi-10.3-2021.10/bin/../lib/gcc/arm-none-eabi/10.3.1/thumb/v7e-m+fp/hard/crtbegin.o
                0x08006ff8                PROVIDE (__init_array_end = .)

.fini_array     0x08006ff8        0x4
                [!provide]                PROVIDE (__fini_array_start = .)
 *(SORT_BY_NAME(.fini_array.*))
 *(.fini_array*)
 .fini_array    0x08006ff8        0x4 d:/gcc-arm-none-eabi-10.3-2021.10/bin/../lib/gcc/arm-none-eabi/10.3.1/thumb/v7e-m+fp/hard/crtbegin.o
                [!provide]                PROVIDE (__fini_array_end = .)
                0x08006ffc                _sidata = LOADADDR (.data)

.data           0x20000000      0x16c load address 0x08006ffc
                0x20000000                . = ALIGN (0x4)
                0x20000000                _sdata = .
 *(.data)
 *(.data*)
 .data.FS_Desc  0x20000000       0x1c build/usbd_desc.o
                0x20000000                FS_Desc
 .data.USBD_FS_DeviceDesc
                0x2000001c       0x12 build/usbd_desc.o
                0x2000001c                USBD_FS_DeviceDesc
 *fill*         0x2000002e        0x2 
 .data.USBD_LangIDDesc
                0x20000030        0x4 build/usbd_desc.o
                0x20000030                USBD_LangIDDesc
 .data.USBD_StringSerial
                0x20000034       0x1a build/usbd_desc.o
                0x20000034                USBD_StringSerial
 *fill*         0x2000004e        0x2 
 .data.USBD_Interface_fops_FS
                0x20000050       0x14 build/usbd_cdc_if.o
                0x20000050                USBD_Interface_fops_FS
 .data.uwTickFreq
                0x20000064        0x1 build/stm32f4xx_hal.o
                0x20000064                uwTickFreq
 *fill*         0x20000065        0x3 
 .data.uwTickPrio
                0x20000068        0x4 build/stm32f4xx_hal.o
                0x20000068                uwTickPrio
 .data.SystemCoreClock
                0x2000006c        0x4 build/system_stm32f4xx.o
                0x2000006c                SystemCoreClock
 .data.USBD_CDC
                0x20000070       0x38 build/usbd_cdc.o
                0x20000070                USBD_CDC
 .data.USBD_CDC_CfgDesc
                0x200000a8       0x43 build/usbd_cdc.o
 *fill*         0x200000eb        0x1 
 .data.USBD_CDC_DeviceQualifierDesc
                0x200000ec        0xa build/usbd_cdc.o
 *fill*         0x200000f6        0x2 
 .data.uxTopUsedPriority
                0x200000f8        0x4 build/tasks.o
                0x200000f8                uxTopUsedPriority
 .data.uxCriticalNesting
                0x200000fc        0x4 build/port.o
 .data._SVInfo  0x20000100        0x8 build/segger_uart.o
 .data._impure_ptr
                0x20000108        0x4 d:/gcc-arm-none-eabi-10.3-2021.10/bin/../lib/gcc/arm-none-eabi/10.3.1/../../../../arm-none-eabi/lib/thumb/v7e-m+fp/hard\libc_nano.a(lib_a-impure.o)
                0x20000108                _impure_ptr
 .data.impure_data
                0x2000010c       0x60 d:/gcc-arm-none-eabi-10.3-2021.10/bin/../lib/gcc/arm-none-eabi/10.3.1/../../../../arm-none-eabi/lib/thumb/v7e-m+fp/hard\libc_nano.a(lib_a-impure.o)
                0x2000016c                . = ALIGN (0x4)
                0x2000016c                _edata = .

.igot.plt       0x2000016c        0x0 load address 0x08007168
 .igot.plt      0x2000016c        0x0 d:/gcc-arm-none-eabi-10.3-2021.10/bin/../lib/gcc/arm-none-eabi/10.3.1/thumb/v7e-m+fp/hard/crtbegin.o
                0x2000016c                . = ALIGN (0x4)

.bss            0x2000016c     0x6c28 load address 0x08007168
                0x2000016c                _sbss = .
                0x2000016c                __bss_start__ = _sbss
 *(.bss)
 .bss           0x2000016c       0x1c d:/gcc-arm-none-eabi-10.3-2021.10/bin/../lib/gcc/arm-none-eabi/10.3.1/thumb/v7e-m+fp/hard/crtbegin.o
 *(.bss*)
 .bss.task1_count
                0x20000188        0x1 build/main.o
                0x20000188                task1_count
 *fill*         0x20000189        0x3 
 .bss.task1_handler
                0x2000018c        0x4 build/main.o
                0x2000018c                task1_handler
 .bss.task2_handler
                0x20000190        0x4 build/main.o
                0x20000190                task2_handler
 .bss.htim1     0x20000194       0x48 build/stm32f4xx_hal_timebase_tim.o
                0x20000194                htim1
 .bss.hUsbDeviceFS
                0x200001dc      0x2dc build/usb_device.o
                0x200001dc                hUsbDeviceFS
 .bss.USBD_StrDesc
                0x200004b8      0x200 build/usbd_desc.o
                0x200004b8                USBD_StrDesc
 .bss.UserRxBufferFS
                0x200006b8      0x400 build/usbd_cdc_if.o
                0x200006b8                UserRxBufferFS
 .bss.UserTxBufferFS
                0x20000ab8      0x400 build/usbd_cdc_if.o
                0x20000ab8                UserTxBufferFS
 .bss.hpcd_USB_OTG_FS
                0x20000eb8      0x50c build/usbd_conf.o
                0x20000eb8                hpcd_USB_OTG_FS
 .bss.mem.0     0x200013c4      0x220 build/usbd_conf.o
 .bss.uwTick    0x200015e4        0x4 build/stm32f4xx_hal.o
                0x200015e4                uwTick
 .bss.cfgidx.0  0x200015e8        0x1 build/usbd_ctlreq.o
 *fill*         0x200015e9        0x3 
 .bss.pxCurrentTCB
                0x200015ec        0x4 build/tasks.o
                0x200015ec                pxCurrentTCB
 .bss.pxDelayedTaskList
                0x200015f0        0x4 build/tasks.o
 .bss.pxOverflowDelayedTaskList
                0x200015f4        0x4 build/tasks.o
 .bss.pxReadyTasksLists
                0x200015f8       0x64 build/tasks.o
 .bss.uxCurrentNumberOfTasks
                0x2000165c        0x4 build/tasks.o
 .bss.uxSchedulerSuspended
                0x20001660        0x4 build/tasks.o
 .bss.uxTaskNumber
                0x20001664        0x4 build/tasks.o
 .bss.uxTopReadyPriority
                0x20001668        0x4 build/tasks.o
 .bss.xDelayedTaskList1
                0x2000166c       0x14 build/tasks.o
 .bss.xDelayedTaskList2
                0x20001680       0x14 build/tasks.o
 .bss.xIdleTaskHandle
                0x20001694        0x4 build/tasks.o
 .bss.xNextTaskUnblockTime
                0x20001698        0x4 build/tasks.o
 .bss.xNumOfOverflows
                0x2000169c        0x4 build/tasks.o
 .bss.xPendedTicks
                0x200016a0        0x4 build/tasks.o
 .bss.xPendingReadyList
                0x200016a4       0x14 build/tasks.o
 .bss.xSchedulerRunning
                0x200016b8        0x4 build/tasks.o
 .bss.xSuspendedTaskList
                0x200016bc       0x14 build/tasks.o
 .bss.xTickCount
                0x200016d0        0x4 build/tasks.o
 .bss.xYieldPending
                0x200016d4        0x4 build/tasks.o
 .bss.ucMaxSysCallPriority
                0x200016d8        0x1 build/port.o
 *fill*         0x200016d9        0x3 
 .bss.ulMaxPRIGROUPValue
                0x200016dc        0x4 build/port.o
 .bss.pxEnd     0x200016e0        0x4 build/heap_4.o
 .bss.ucHeap    0x200016e4     0x4000 build/heap_4.o
 .bss.xBlockAllocatedBit
                0x200056e4        0x4 build/heap_4.o
 .bss.xFreeBytesRemaining
                0x200056e8        0x4 build/heap_4.o
 .bss.xMinimumEverFreeBytesRemaining
                0x200056ec        0x4 build/heap_4.o
 .bss.xNumberOfSuccessfulAllocations
                0x200056f0        0x4 build/heap_4.o
 .bss.xNumberOfSuccessfulFrees
                0x200056f4        0x4 build/heap_4.o
 .bss.xStart    0x200056f8        0x8 build/heap_4.o
 .bss._NumTasks
                0x20005700        0x4 build/SEGGER_SYSVIEW_FreeRTOS.o
 .bss._aTasks   0x20005704       0xa0 build/SEGGER_SYSVIEW_FreeRTOS.o
 .bss._SEGGER_RTT
                0x200057a4       0xa8 build/SEGGER_RTT.o
                0x200057a4                _SEGGER_RTT
 .bss._acDownBuffer
                0x2000584c       0x10 build/SEGGER_RTT.o
 .bss._acUpBuffer
                0x2000585c      0x400 build/SEGGER_RTT.o
 .bss._DownBuffer
                0x20005c5c        0x8 build/SEGGER_SYSVIEW.o
 .bss._NumModules
                0x20005c64        0x1 build/SEGGER_SYSVIEW.o
 *fill*         0x20005c65        0x3 
 .bss._SYSVIEW_Globals
                0x20005c68       0x28 build/SEGGER_SYSVIEW.o
 .bss._UpBuffer
                0x20005c90     0x1000 build/SEGGER_SYSVIEW.o
 .bss._aPacket  0x20006c90       0xe3 build/SEGGER_SYSVIEW.o
 *fill*         0x20006d73        0x1 
 .bss._pFirstModule
                0x20006d74        0x4 build/SEGGER_SYSVIEW.o
 .bss._cbOnRx   0x20006d78        0x4 build/segger_uart.o
 .bss._cbOnTx   0x20006d7c        0x4 build/segger_uart.o
 .bss.__malloc_free_list
                0x20006d80        0x4 d:/gcc-arm-none-eabi-10.3-2021.10/bin/../lib/gcc/arm-none-eabi/10.3.1/../../../../arm-none-eabi/lib/thumb/v7e-m+fp/hard\libc_nano.a(lib_a-nano-mallocr.o)
                0x20006d80                __malloc_free_list
 .bss.__malloc_sbrk_start
                0x20006d84        0x4 d:/gcc-arm-none-eabi-10.3-2021.10/bin/../lib/gcc/arm-none-eabi/10.3.1/../../../../arm-none-eabi/lib/thumb/v7e-m+fp/hard\libc_nano.a(lib_a-nano-mallocr.o)
                0x20006d84                __malloc_sbrk_start
 .bss.errno     0x20006d88        0x4 d:/gcc-arm-none-eabi-10.3-2021.10/bin/../lib/gcc/arm-none-eabi/10.3.1/../../../../arm-none-eabi/lib/thumb/v7e-m+fp/hard\libc_nano.a(lib_a-reent.o)
                0x20006d88                errno
 .bss.__lock___malloc_recursive_mutex
                0x20006d8c        0x1 d:/gcc-arm-none-eabi-10.3-2021.10/bin/../lib/gcc/arm-none-eabi/10.3.1/../../../../arm-none-eabi/lib/thumb/v7e-m+fp/hard\libc_nano.a(lib_a-lock.o)
                0x20006d8c                __lock___malloc_recursive_mutex
 *fill*         0x20006d8d        0x3 
 .bss.heap_end.0
                0x20006d90        0x4 d:/gcc-arm-none-eabi-10.3-2021.10/bin/../lib/gcc/arm-none-eabi/10.3.1/../../../../arm-none-eabi/lib/thumb/v7e-m+fp/hard\libnosys.a(sbrk.o)
 *(COMMON)
                0x20006d94                . = ALIGN (0x4)
                0x20006d94                _ebss = .
                0x20006d94                __bss_end__ = _ebss

._user_heap_stack
                0x20006d94      0x604 load address 0x08007168
                0x20006d98                . = ALIGN (0x8)
 *fill*         0x20006d94        0x4 
                0x20006d98                PROVIDE (end = .)
                [!provide]                PROVIDE (_end = .)
                0x20006f98                . = (. + _Min_Heap_Size)
 *fill*         0x20006d98      0x200 
                0x20007398                . = (. + _Min_Stack_Size)
 *fill*         0x20006f98      0x400 
                0x20007398                . = ALIGN (0x8)

/DISCARD/
 libc.a(*)
 libm.a(*)
 libgcc.a(*)

.ARM.attributes
                0x00000000       0x30
 *(.ARM.attributes)
 .ARM.attributes
                0x00000000       0x1e d:/gcc-arm-none-eabi-10.3-2021.10/bin/../lib/gcc/arm-none-eabi/10.3.1/thumb/v7e-m+fp/hard/crti.o
 .ARM.attributes
                0x0000001e       0x34 d:/gcc-arm-none-eabi-10.3-2021.10/bin/../lib/gcc/arm-none-eabi/10.3.1/thumb/v7e-m+fp/hard/crtbegin.o
 .ARM.attributes
                0x00000052       0x34 build/main.o
 .ARM.attributes
                0x00000086       0x34 build/gpio.o
 .ARM.attributes
                0x000000ba       0x34 build/stm32f4xx_it.o
 .ARM.attributes
                0x000000ee       0x34 build/stm32f4xx_hal_msp.o
 .ARM.attributes
                0x00000122       0x34 build/stm32f4xx_hal_timebase_tim.o
 .ARM.attributes
                0x00000156       0x34 build/usb_device.o
 .ARM.attributes
                0x0000018a       0x34 build/usbd_desc.o
 .ARM.attributes
                0x000001be       0x34 build/usbd_cdc_if.o
 .ARM.attributes
                0x000001f2       0x34 build/usbd_conf.o
 .ARM.attributes
                0x00000226       0x34 build/stm32f4xx_hal_pcd.o
 .ARM.attributes
                0x0000025a       0x34 build/stm32f4xx_hal_pcd_ex.o
 .ARM.attributes
                0x0000028e       0x34 build/stm32f4xx_ll_usb.o
 .ARM.attributes
                0x000002c2       0x34 build/stm32f4xx_hal_rcc.o
 .ARM.attributes
                0x000002f6       0x34 build/stm32f4xx_hal_gpio.o
 .ARM.attributes
                0x0000032a       0x34 build/stm32f4xx_hal_cortex.o
 .ARM.attributes
                0x0000035e       0x34 build/stm32f4xx_hal.o
 .ARM.attributes
                0x00000392       0x34 build/stm32f4xx_hal_tim.o
 .ARM.attributes
                0x000003c6       0x34 build/stm32f4xx_hal_tim_ex.o
 .ARM.attributes
                0x000003fa       0x34 build/system_stm32f4xx.o
 .ARM.attributes
                0x0000042e       0x34 build/usbd_core.o
 .ARM.attributes
                0x00000462       0x34 build/usbd_ctlreq.o
 .ARM.attributes
                0x00000496       0x34 build/usbd_ioreq.o
 .ARM.attributes
                0x000004ca       0x34 build/usbd_cdc.o
 .ARM.attributes
                0x000004fe       0x34 build/dwt_delay.o
 .ARM.attributes
                0x00000532       0x34 build/list.o
 .ARM.attributes
                0x00000566       0x34 build/tasks.o
 .ARM.attributes
                0x0000059a       0x34 build/port.o
 .ARM.attributes
                0x000005ce       0x34 build/heap_4.o
 .ARM.attributes
                0x00000602       0x34 build/SEGGER_SYSVIEW_Config_FreeRTOS.o
 .ARM.attributes
                0x00000636       0x34 build/SEGGER_SYSVIEW_FreeRTOS.o
 .ARM.attributes
                0x0000066a       0x34 build/SEGGER_RTT.o
 .ARM.attributes
                0x0000069e       0x34 build/SEGGER_SYSVIEW.o
 .ARM.attributes
                0x000006d2       0x34 build/segger_uart.o
 .ARM.attributes
                0x00000706       0x21 build/startup_stm32f401xc.o
 .ARM.attributes
                0x00000727       0x20 build/SEGGER_RTT_ASM_ARMv7M.o
 .ARM.attributes
                0x00000747       0x34 d:/gcc-arm-none-eabi-10.3-2021.10/bin/../lib/gcc/arm-none-eabi/10.3.1/../../../../arm-none-eabi/lib/thumb/v7e-m+fp/hard\libc_nano.a(lib_a-impure.o)
 .ARM.attributes
                0x0000077b       0x34 d:/gcc-arm-none-eabi-10.3-2021.10/bin/../lib/gcc/arm-none-eabi/10.3.1/../../../../arm-none-eabi/lib/thumb/v7e-m+fp/hard\libc_nano.a(lib_a-init.o)
 .ARM.attributes
                0x000007af       0x34 d:/gcc-arm-none-eabi-10.3-2021.10/bin/../lib/gcc/arm-none-eabi/10.3.1/../../../../arm-none-eabi/lib/thumb/v7e-m+fp/hard\libc_nano.a(lib_a-memcmp.o)
 .ARM.attributes
                0x000007e3       0x34 d:/gcc-arm-none-eabi-10.3-2021.10/bin/../lib/gcc/arm-none-eabi/10.3.1/../../../../arm-none-eabi/lib/thumb/v7e-m+fp/hard\libc_nano.a(lib_a-memcpy-stub.o)
 .ARM.attributes
                0x00000817       0x34 d:/gcc-arm-none-eabi-10.3-2021.10/bin/../lib/gcc/arm-none-eabi/10.3.1/../../../../arm-none-eabi/lib/thumb/v7e-m+fp/hard\libc_nano.a(lib_a-memset.o)
 .ARM.attributes
                0x0000084b       0x34 d:/gcc-arm-none-eabi-10.3-2021.10/bin/../lib/gcc/arm-none-eabi/10.3.1/../../../../arm-none-eabi/lib/thumb/v7e-m+fp/hard\libc_nano.a(lib_a-snprintf.o)
 .ARM.attributes
                0x0000087f       0x34 d:/gcc-arm-none-eabi-10.3-2021.10/bin/../lib/gcc/arm-none-eabi/10.3.1/../../../../arm-none-eabi/lib/thumb/v7e-m+fp/hard\libc_nano.a(lib_a-nano-svfprintf.o)
 .ARM.attributes
                0x000008b3       0x34 d:/gcc-arm-none-eabi-10.3-2021.10/bin/../lib/gcc/arm-none-eabi/10.3.1/../../../../arm-none-eabi/lib/thumb/v7e-m+fp/hard\libc_nano.a(lib_a-nano-vfprintf_i.o)
 .ARM.attributes
                0x000008e7       0x1c d:/gcc-arm-none-eabi-10.3-2021.10/bin/../lib/gcc/arm-none-eabi/10.3.1/../../../../arm-none-eabi/lib/thumb/v7e-m+fp/hard\libc_nano.a(lib_a-memchr.o)
 .ARM.attributes
                0x00000903       0x34 d:/gcc-arm-none-eabi-10.3-2021.10/bin/../lib/gcc/arm-none-eabi/10.3.1/../../../../arm-none-eabi/lib/thumb/v7e-m+fp/hard\libc_nano.a(lib_a-memmove.o)
 .ARM.attributes
                0x00000937       0x34 d:/gcc-arm-none-eabi-10.3-2021.10/bin/../lib/gcc/arm-none-eabi/10.3.1/../../../../arm-none-eabi/lib/thumb/v7e-m+fp/hard\libc_nano.a(lib_a-nano-freer.o)
 .ARM.attributes
                0x0000096b       0x34 d:/gcc-arm-none-eabi-10.3-2021.10/bin/../lib/gcc/arm-none-eabi/10.3.1/../../../../arm-none-eabi/lib/thumb/v7e-m+fp/hard\libc_nano.a(lib_a-nano-mallocr.o)
 .ARM.attributes
                0x0000099f       0x34 d:/gcc-arm-none-eabi-10.3-2021.10/bin/../lib/gcc/arm-none-eabi/10.3.1/../../../../arm-none-eabi/lib/thumb/v7e-m+fp/hard\libc_nano.a(lib_a-nano-reallocr.o)
 .ARM.attributes
                0x000009d3       0x34 d:/gcc-arm-none-eabi-10.3-2021.10/bin/../lib/gcc/arm-none-eabi/10.3.1/../../../../arm-none-eabi/lib/thumb/v7e-m+fp/hard\libc_nano.a(lib_a-sbrkr.o)
 .ARM.attributes
                0x00000a07       0x34 d:/gcc-arm-none-eabi-10.3-2021.10/bin/../lib/gcc/arm-none-eabi/10.3.1/../../../../arm-none-eabi/lib/thumb/v7e-m+fp/hard\libc_nano.a(lib_a-mlock.o)
 .ARM.attributes
                0x00000a3b       0x34 d:/gcc-arm-none-eabi-10.3-2021.10/bin/../lib/gcc/arm-none-eabi/10.3.1/../../../../arm-none-eabi/lib/thumb/v7e-m+fp/hard\libc_nano.a(lib_a-nano-msizer.o)
 .ARM.attributes
                0x00000a6f       0x34 d:/gcc-arm-none-eabi-10.3-2021.10/bin/../lib/gcc/arm-none-eabi/10.3.1/../../../../arm-none-eabi/lib/thumb/v7e-m+fp/hard\libc_nano.a(lib_a-reent.o)
 .ARM.attributes
                0x00000aa3       0x34 d:/gcc-arm-none-eabi-10.3-2021.10/bin/../lib/gcc/arm-none-eabi/10.3.1/../../../../arm-none-eabi/lib/thumb/v7e-m+fp/hard\libc_nano.a(lib_a-lock.o)
 .ARM.attributes
                0x00000ad7       0x34 d:/gcc-arm-none-eabi-10.3-2021.10/bin/../lib/gcc/arm-none-eabi/10.3.1/../../../../arm-none-eabi/lib/thumb/v7e-m+fp/hard\libnosys.a(sbrk.o)
 .ARM.attributes
                0x00000b0b       0x1e d:/gcc-arm-none-eabi-10.3-2021.10/bin/../lib/gcc/arm-none-eabi/10.3.1/thumb/v7e-m+fp/hard\libgcc.a(_aeabi_uldivmod.o)
 .ARM.attributes
                0x00000b29       0x34 d:/gcc-arm-none-eabi-10.3-2021.10/bin/../lib/gcc/arm-none-eabi/10.3.1/thumb/v7e-m+fp/hard\libgcc.a(_udivmoddi4.o)
 .ARM.attributes
                0x00000b5d       0x1e d:/gcc-arm-none-eabi-10.3-2021.10/bin/../lib/gcc/arm-none-eabi/10.3.1/thumb/v7e-m+fp/hard\libgcc.a(_dvmd_tls.o)
 .ARM.attributes
                0x00000b7b       0x1e d:/gcc-arm-none-eabi-10.3-2021.10/bin/../lib/gcc/arm-none-eabi/10.3.1/thumb/v7e-m+fp/hard/crtn.o
OUTPUT(build/freertos_template.elf elf32-littlearm)
LOAD linker stubs
LOAD d:/gcc-arm-none-eabi-10.3-2021.10/bin/../lib/gcc/arm-none-eabi/10.3.1/../../../../arm-none-eabi/lib/thumb/v7e-m+fp/hard\libc.a
LOAD d:/gcc-arm-none-eabi-10.3-2021.10/bin/../lib/gcc/arm-none-eabi/10.3.1/../../../../arm-none-eabi/lib/thumb/v7e-m+fp/hard\libm.a
LOAD d:/gcc-arm-none-eabi-10.3-2021.10/bin/../lib/gcc/arm-none-eabi/10.3.1/thumb/v7e-m+fp/hard\libgcc.a

.debug_info     0x00000000    0x2574c
 .debug_info    0x00000000      0xfed build/main.o
 .debug_info    0x00000fed      0x52f build/gpio.o
 .debug_info    0x0000151c      0xd08 build/stm32f4xx_it.o
 .debug_info    0x00002224      0x31d build/stm32f4xx_hal_msp.o
 .debug_info    0x00002541      0xd04 build/stm32f4xx_hal_timebase_tim.o
 .debug_info    0x00003245      0x842 build/usb_device.o
 .debug_info    0x00003a87      0x643 build/usbd_desc.o
 .debug_info    0x000040ca      0xaa9 build/usbd_cdc_if.o
 .debug_info    0x00004b73     0x212c build/usbd_conf.o
 .debug_info    0x00006c9f     0x1d16 build/stm32f4xx_hal_pcd.o
 .debug_info    0x000089b5      0x7b3 build/stm32f4xx_hal_pcd_ex.o
 .debug_info    0x00009168     0x2164 build/stm32f4xx_ll_usb.o
 .debug_info    0x0000b2cc      0xc12 build/stm32f4xx_hal_rcc.o
 .debug_info    0x0000bede      0x872 build/stm32f4xx_hal_gpio.o
 .debug_info    0x0000c750     0x10de build/stm32f4xx_hal_cortex.o
 .debug_info    0x0000d82e      0xa5f build/stm32f4xx_hal.o
 .debug_info    0x0000e28d     0x4059 build/stm32f4xx_hal_tim.o
 .debug_info    0x000122e6     0x1c62 build/stm32f4xx_hal_tim_ex.o
 .debug_info    0x00013f48      0x5e5 build/system_stm32f4xx.o
 .debug_info    0x0001452d     0x1352 build/usbd_core.o
 .debug_info    0x0001587f     0x14c9 build/usbd_ctlreq.o
 .debug_info    0x00016d48      0x972 build/usbd_ioreq.o
 .debug_info    0x000176ba     0x1855 build/usbd_cdc.o
 .debug_info    0x00018f0f      0x31d build/dwt_delay.o
 .debug_info    0x0001922c      0x30f build/list.o
 .debug_info    0x0001953b     0x30ce build/tasks.o
 .debug_info    0x0001c609      0x66b build/port.o
 .debug_info    0x0001cc74      0x60c build/heap_4.o
 .debug_info    0x0001d280      0x1b2 build/SEGGER_SYSVIEW_Config_FreeRTOS.o
 .debug_info    0x0001d432      0x5a6 build/SEGGER_SYSVIEW_FreeRTOS.o
 .debug_info    0x0001d9d8     0x1f2e build/SEGGER_RTT.o
 .debug_info    0x0001f906     0x50c6 build/SEGGER_SYSVIEW.o
 .debug_info    0x000249cc      0xd38 build/segger_uart.o
 .debug_info    0x00025704       0x22 build/startup_stm32f401xc.o
 .debug_info    0x00025726       0x26 build/SEGGER_RTT_ASM_ARMv7M.o

.debug_abbrev   0x00000000     0x4bbc
 .debug_abbrev  0x00000000      0x2eb build/main.o
 .debug_abbrev  0x000002eb      0x151 build/gpio.o
 .debug_abbrev  0x0000043c      0x1ab build/stm32f4xx_it.o
 .debug_abbrev  0x000005e7       0xd3 build/stm32f4xx_hal_msp.o
 .debug_abbrev  0x000006ba      0x213 build/stm32f4xx_hal_timebase_tim.o
 .debug_abbrev  0x000008cd      0x188 build/usb_device.o
 .debug_abbrev  0x00000a55      0x1eb build/usbd_desc.o
 .debug_abbrev  0x00000c40      0x2bb build/usbd_cdc_if.o
 .debug_abbrev  0x00000efb      0x2eb build/usbd_conf.o
 .debug_abbrev  0x000011e6      0x2d1 build/stm32f4xx_hal_pcd.o
 .debug_abbrev  0x000014b7      0x1c5 build/stm32f4xx_hal_pcd_ex.o
 .debug_abbrev  0x0000167c      0x2f9 build/stm32f4xx_ll_usb.o
 .debug_abbrev  0x00001975      0x2aa build/stm32f4xx_hal_rcc.o
 .debug_abbrev  0x00001c1f      0x22b build/stm32f4xx_hal_gpio.o
 .debug_abbrev  0x00001e4a      0x382 build/stm32f4xx_hal_cortex.o
 .debug_abbrev  0x000021cc      0x23a build/stm32f4xx_hal.o
 .debug_abbrev  0x00002406      0x293 build/stm32f4xx_hal_tim.o
 .debug_abbrev  0x00002699      0x2a9 build/stm32f4xx_hal_tim_ex.o
 .debug_abbrev  0x00002942      0x11b build/system_stm32f4xx.o
 .debug_abbrev  0x00002a5d      0x2b8 build/usbd_core.o
 .debug_abbrev  0x00002d15      0x358 build/usbd_ctlreq.o
 .debug_abbrev  0x0000306d      0x176 build/usbd_ioreq.o
 .debug_abbrev  0x000031e3      0x317 build/usbd_cdc.o
 .debug_abbrev  0x000034fa      0x117 build/dwt_delay.o
 .debug_abbrev  0x00003611      0x124 build/list.o
 .debug_abbrev  0x00003735      0x3ac build/tasks.o
 .debug_abbrev  0x00003ae1      0x29b build/port.o
 .debug_abbrev  0x00003d7c      0x269 build/heap_4.o
 .debug_abbrev  0x00003fe5       0xfc build/SEGGER_SYSVIEW_Config_FreeRTOS.o
 .debug_abbrev  0x000040e1      0x1bc build/SEGGER_SYSVIEW_FreeRTOS.o
 .debug_abbrev  0x0000429d      0x278 build/SEGGER_RTT.o
 .debug_abbrev  0x00004515      0x3b0 build/SEGGER_SYSVIEW.o
 .debug_abbrev  0x000048c5      0x2d1 build/segger_uart.o
 .debug_abbrev  0x00004b96       0x12 build/startup_stm32f401xc.o
 .debug_abbrev  0x00004ba8       0x14 build/SEGGER_RTT_ASM_ARMv7M.o

.debug_loc      0x00000000    0x1fb02
 .debug_loc     0x00000000      0x1af build/main.o
 .debug_loc     0x000001af       0x38 build/gpio.o
 .debug_loc     0x000001e7       0x40 build/stm32f4xx_it.o
 .debug_loc     0x00000227       0x2c build/stm32f4xx_hal_msp.o
 .debug_loc     0x00000253       0xf5 build/stm32f4xx_hal_timebase_tim.o
 .debug_loc     0x00000348       0x20 build/usb_device.o
 .debug_loc     0x00000368      0x47b build/usbd_desc.o
 .debug_loc     0x000007e3      0x1bc build/usbd_cdc_if.o
 .debug_loc     0x0000099f      0xf03 build/usbd_conf.o
 .debug_loc     0x000018a2     0x1777 build/stm32f4xx_hal_pcd.o
 .debug_loc     0x00003019      0x116 build/stm32f4xx_hal_pcd_ex.o
 .debug_loc     0x0000312f     0x2abe build/stm32f4xx_ll_usb.o
 .debug_loc     0x00005bed      0x6e4 build/stm32f4xx_hal_rcc.o
 .debug_loc     0x000062d1      0x5e8 build/stm32f4xx_hal_gpio.o
 .debug_loc     0x000068b9      0x7a4 build/stm32f4xx_hal_cortex.o
 .debug_loc     0x0000705d      0x1e1 build/stm32f4xx_hal.o
 .debug_loc     0x0000723e     0x5c80 build/stm32f4xx_hal_tim.o
 .debug_loc     0x0000cebe     0x2137 build/stm32f4xx_hal_tim_ex.o
 .debug_loc     0x0000eff5      0x158 build/system_stm32f4xx.o
 .debug_loc     0x0000f14d     0x102a build/usbd_core.o
 .debug_loc     0x00010177     0x1a19 build/usbd_ctlreq.o
 .debug_loc     0x00011b90      0x398 build/usbd_ioreq.o
 .debug_loc     0x00011f28      0xbdf build/usbd_cdc.o
 .debug_loc     0x00012b07       0x4f build/dwt_delay.o
 .debug_loc     0x00012b56       0xe5 build/list.o
 .debug_loc     0x00012c3b     0x296c build/tasks.o
 .debug_loc     0x000155a7      0x1ec build/port.o
 .debug_loc     0x00015793      0x4f4 build/heap_4.o
 .debug_loc     0x00015c87       0x40 build/SEGGER_SYSVIEW_Config_FreeRTOS.o
 .debug_loc     0x00015cc7      0x42b build/SEGGER_SYSVIEW_FreeRTOS.o
 .debug_loc     0x000160f2     0x2a7d build/SEGGER_RTT.o
 .debug_loc     0x00018b6f     0x6bfa build/SEGGER_SYSVIEW.o
 .debug_loc     0x0001f769      0x399 build/segger_uart.o

.debug_aranges  0x00000000     0x17f8
 .debug_aranges
                0x00000000       0x48 build/main.o
 .debug_aranges
                0x00000048       0x20 build/gpio.o
 .debug_aranges
                0x00000068       0x58 build/stm32f4xx_it.o
 .debug_aranges
                0x000000c0       0x20 build/stm32f4xx_hal_msp.o
 .debug_aranges
                0x000000e0       0x30 build/stm32f4xx_hal_timebase_tim.o
 .debug_aranges
                0x00000110       0x20 build/usb_device.o
 .debug_aranges
                0x00000130       0x60 build/usbd_desc.o
 .debug_aranges
                0x00000190       0x48 build/usbd_cdc_if.o
 .debug_aranges
                0x000001d8      0x110 build/usbd_conf.o
 .debug_aranges
                0x000002e8      0x148 build/stm32f4xx_hal_pcd.o
 .debug_aranges
                0x00000430       0x38 build/stm32f4xx_hal_pcd_ex.o
 .debug_aranges
                0x00000468      0x1a0 build/stm32f4xx_ll_usb.o
 .debug_aranges
                0x00000608       0x88 build/stm32f4xx_hal_rcc.o
 .debug_aranges
                0x00000690       0x58 build/stm32f4xx_hal_gpio.o
 .debug_aranges
                0x000006e8       0xa8 build/stm32f4xx_hal_cortex.o
 .debug_aranges
                0x00000790       0xf0 build/stm32f4xx_hal.o
 .debug_aranges
                0x00000880      0x3d0 build/stm32f4xx_hal_tim.o
 .debug_aranges
                0x00000c50      0x168 build/stm32f4xx_hal_tim_ex.o
 .debug_aranges
                0x00000db8       0x28 build/system_stm32f4xx.o
 .debug_aranges
                0x00000de0       0xd8 build/usbd_core.o
 .debug_aranges
                0x00000eb8       0x88 build/usbd_ctlreq.o
 .debug_aranges
                0x00000f40       0x50 build/usbd_ioreq.o
 .debug_aranges
                0x00000f90       0x90 build/usbd_cdc.o
 .debug_aranges
                0x00001020       0x30 build/dwt_delay.o
 .debug_aranges
                0x00001050       0x40 build/list.o
 .debug_aranges
                0x00001090      0x1c0 build/tasks.o
 .debug_aranges
                0x00001250       0x88 build/port.o
 .debug_aranges
                0x000012d8       0x58 build/heap_4.o
 .debug_aranges
                0x00001330       0x28 build/SEGGER_SYSVIEW_Config_FreeRTOS.o
 .debug_aranges
                0x00001358       0x48 build/SEGGER_SYSVIEW_FreeRTOS.o
 .debug_aranges
                0x000013a0      0x138 build/SEGGER_RTT.o
 .debug_aranges
                0x000014d8      0x280 build/SEGGER_SYSVIEW.o
 .debug_aranges
                0x00001758       0x58 build/segger_uart.o
 .debug_aranges
                0x000017b0       0x28 build/startup_stm32f401xc.o
 .debug_aranges
                0x000017d8       0x20 build/SEGGER_RTT_ASM_ARMv7M.o

.debug_ranges   0x00000000     0x1a40
 .debug_ranges  0x00000000       0x38 build/main.o
 .debug_ranges  0x00000038       0x10 build/gpio.o
 .debug_ranges  0x00000048       0x48 build/stm32f4xx_it.o
 .debug_ranges  0x00000090       0x10 build/stm32f4xx_hal_msp.o
 .debug_ranges  0x000000a0       0x20 build/stm32f4xx_hal_timebase_tim.o
 .debug_ranges  0x000000c0       0x10 build/usb_device.o
 .debug_ranges  0x000000d0       0x50 build/usbd_desc.o
 .debug_ranges  0x00000120       0x38 build/usbd_cdc_if.o
 .debug_ranges  0x00000158      0x100 build/usbd_conf.o
 .debug_ranges  0x00000258      0x138 build/stm32f4xx_hal_pcd.o
 .debug_ranges  0x00000390       0x28 build/stm32f4xx_hal_pcd_ex.o
 .debug_ranges  0x000003b8      0x190 build/stm32f4xx_ll_usb.o
 .debug_ranges  0x00000548       0x90 build/stm32f4xx_hal_rcc.o
 .debug_ranges  0x000005d8       0x48 build/stm32f4xx_hal_gpio.o
 .debug_ranges  0x00000620       0xf8 build/stm32f4xx_hal_cortex.o
 .debug_ranges  0x00000718       0xe0 build/stm32f4xx_hal.o
 .debug_ranges  0x000007f8      0x3c0 build/stm32f4xx_hal_tim.o
 .debug_ranges  0x00000bb8      0x158 build/stm32f4xx_hal_tim_ex.o
 .debug_ranges  0x00000d10       0x18 build/system_stm32f4xx.o
 .debug_ranges  0x00000d28       0xc8 build/usbd_core.o
 .debug_ranges  0x00000df0       0x78 build/usbd_ctlreq.o
 .debug_ranges  0x00000e68       0x40 build/usbd_ioreq.o
 .debug_ranges  0x00000ea8       0x80 build/usbd_cdc.o
 .debug_ranges  0x00000f28       0x20 build/dwt_delay.o
 .debug_ranges  0x00000f48       0x30 build/list.o
 .debug_ranges  0x00000f78      0x308 build/tasks.o
 .debug_ranges  0x00001280       0x90 build/port.o
 .debug_ranges  0x00001310       0x48 build/heap_4.o
 .debug_ranges  0x00001358       0x18 build/SEGGER_SYSVIEW_Config_FreeRTOS.o
 .debug_ranges  0x00001370       0x38 build/SEGGER_SYSVIEW_FreeRTOS.o
 .debug_ranges  0x000013a8      0x360 build/SEGGER_RTT.o
 .debug_ranges  0x00001708      0x2d0 build/SEGGER_SYSVIEW.o
 .debug_ranges  0x000019d8       0x48 build/segger_uart.o
 .debug_ranges  0x00001a20       0x20 build/startup_stm32f401xc.o

.debug_line     0x00000000    0x19210
 .debug_line    0x00000000      0x55f build/main.o
 .debug_line    0x0000055f      0x1b3 build/gpio.o
 .debug_line    0x00000712      0x2a1 build/stm32f4xx_it.o
 .debug_line    0x000009b3      0x139 build/stm32f4xx_hal_msp.o
 .debug_line    0x00000aec      0x2ac build/stm32f4xx_hal_timebase_tim.o
 .debug_line    0x00000d98      0x1eb build/usb_device.o
 .debug_line    0x00000f83      0x33d build/usbd_desc.o
 .debug_line    0x000012c0      0x242 build/usbd_cdc_if.o
 .debug_line    0x00001502      0x7e8 build/usbd_conf.o
 .debug_line    0x00001cea     0x153a build/stm32f4xx_hal_pcd.o
 .debug_line    0x00003224      0x293 build/stm32f4xx_hal_pcd_ex.o
 .debug_line    0x000034b7     0x1e10 build/stm32f4xx_ll_usb.o
 .debug_line    0x000052c7      0xaed build/stm32f4xx_hal_rcc.o
 .debug_line    0x00005db4      0x6a1 build/stm32f4xx_hal_gpio.o
 .debug_line    0x00006455      0x756 build/stm32f4xx_hal_cortex.o
 .debug_line    0x00006bab      0x543 build/stm32f4xx_hal.o
 .debug_line    0x000070ee     0x4995 build/stm32f4xx_hal_tim.o
 .debug_line    0x0000ba83     0x1c40 build/stm32f4xx_hal_tim_ex.o
 .debug_line    0x0000d6c3      0x22e build/system_stm32f4xx.o
 .debug_line    0x0000d8f1      0x9a8 build/usbd_core.o
 .debug_line    0x0000e299      0xd1f build/usbd_ctlreq.o
 .debug_line    0x0000efb8      0x288 build/usbd_ioreq.o
 .debug_line    0x0000f240      0x9d6 build/usbd_cdc.o
 .debug_line    0x0000fc16      0x1d5 build/dwt_delay.o
 .debug_line    0x0000fdeb      0x2e1 build/list.o
 .debug_line    0x000100cc     0x26bf build/tasks.o
 .debug_line    0x0001278b      0x76e build/port.o
 .debug_line    0x00012ef9      0x6a3 build/heap_4.o
 .debug_line    0x0001359c      0x15f build/SEGGER_SYSVIEW_Config_FreeRTOS.o
 .debug_line    0x000136fb      0x434 build/SEGGER_SYSVIEW_FreeRTOS.o
 .debug_line    0x00013b2f     0x140a build/SEGGER_RTT.o
 .debug_line    0x00014f39     0x3d6b build/SEGGER_SYSVIEW.o
 .debug_line    0x00018ca4      0x464 build/segger_uart.o
 .debug_line    0x00019108       0x76 build/startup_stm32f401xc.o
 .debug_line    0x0001917e       0x92 build/SEGGER_RTT_ASM_ARMv7M.o

.debug_str      0x00000000     0x7712
 .debug_str     0x00000000      0xa28 build/main.o
                                0xafb (size before relaxing)
 .debug_str     0x00000a28       0xb9 build/gpio.o
                                0x356 (size before relaxing)
 .debug_str     0x00000ae1      0x429 build/stm32f4xx_it.o
                                0xaee (size before relaxing)
 .debug_str     0x00000f0a       0x29 build/stm32f4xx_hal_msp.o
                                0x2a5 (size before relaxing)
 .debug_str     0x00000f33      0x4b4 build/stm32f4xx_hal_timebase_tim.o
                                0xcda (size before relaxing)
 .debug_str     0x000013e7      0x425 build/usb_device.o
                                0x68a (size before relaxing)
 .debug_str     0x0000180c      0x181 build/usbd_desc.o
                                0x436 (size before relaxing)
 .debug_str     0x0000198d      0x13f build/usbd_cdc_if.o
                                0x76b (size before relaxing)
 .debug_str     0x00001acc      0x569 build/usbd_conf.o
                               0x1435 (size before relaxing)
 .debug_str     0x00002035      0x5cd build/stm32f4xx_hal_pcd.o
                                0xd9a (size before relaxing)
 .debug_str     0x00002602      0x125 build/stm32f4xx_hal_pcd_ex.o
                                0x6fe (size before relaxing)
 .debug_str     0x00002727      0x449 build/stm32f4xx_ll_usb.o
                                0xc77 (size before relaxing)
 .debug_str     0x00002b70      0x1cd build/stm32f4xx_hal_rcc.o
                                0x6f0 (size before relaxing)
 .debug_str     0x00002d3d      0x108 build/stm32f4xx_hal_gpio.o
                                0x4ca (size before relaxing)
 .debug_str     0x00002e45      0x47a build/stm32f4xx_hal_cortex.o
                                0xaa2 (size before relaxing)
 .debug_str     0x000032bf      0x269 build/stm32f4xx_hal.o
                                0x9e2 (size before relaxing)
 .debug_str     0x00003528      0xec3 build/stm32f4xx_hal_tim.o
                               0x1691 (size before relaxing)
 .debug_str     0x000043eb      0x591 build/stm32f4xx_hal_tim_ex.o
                                0xe92 (size before relaxing)
 .debug_str     0x0000497c       0x47 build/system_stm32f4xx.o
                                0x35f (size before relaxing)
 .debug_str     0x000049c3      0x27b build/usbd_core.o
                                0x9af (size before relaxing)
 .debug_str     0x00004c3e      0x109 build/usbd_ctlreq.o
                                0x7da (size before relaxing)
 .debug_str     0x00004d47       0x60 build/usbd_ioreq.o
                                0x6af (size before relaxing)
 .debug_str     0x00004da7      0x19c build/usbd_cdc.o
                                0xd4b (size before relaxing)
 .debug_str     0x00004f43       0xfa build/dwt_delay.o
                                0x29d (size before relaxing)
 .debug_str     0x0000503d      0x139 build/list.o
                                0x2bb (size before relaxing)
 .debug_str     0x00005176      0xe33 build/tasks.o
                               0x1190 (size before relaxing)
 .debug_str     0x00005fa9      0x1be build/port.o
                                0x4b4 (size before relaxing)
 .debug_str     0x00006167      0x2a9 build/heap_4.o
                                0x4c9 (size before relaxing)
 .debug_str     0x00006410       0xcf build/SEGGER_SYSVIEW_Config_FreeRTOS.o
                                0x25f (size before relaxing)
 .debug_str     0x000064df      0x10e build/SEGGER_SYSVIEW_FreeRTOS.o
                                0x38f (size before relaxing)
 .debug_str     0x000065ed      0x4d7 build/SEGGER_RTT.o
                                0x69a (size before relaxing)
 .debug_str     0x00006ac4      0xad0 build/SEGGER_SYSVIEW.o
                               0x1015 (size before relaxing)
 .debug_str     0x00007594      0x134 build/segger_uart.o
                                0x907 (size before relaxing)
 .debug_str     0x000076c8       0x24 build/startup_stm32f401xc.o
                                 0x42 (size before relaxing)
 .debug_str     0x000076ec       0x26 build/SEGGER_RTT_ASM_ARMv7M.o
                                 0x52 (size before relaxing)

.comment        0x00000000       0x49
 .comment       0x00000000       0x49 build/main.o